/home/ttd/Projects/Embedded/gslam_controller/BSP/Src/bsp_uart.c:22:13:ring_push	24	static
/home/ttd/Projects/Embedded/gslam_controller/BSP/Src/bsp_uart.c:34:6:BspUart_Init	8	static
/home/ttd/Projects/Embedded/gslam_controller/BSP/Src/bsp_uart.c:48:6:BspUart_PollRx	16	static
/home/ttd/Projects/Embedded/gslam_controller/BSP/Src/bsp_uart.c:65:6:BspUart_ReadByte	16	static
/home/ttd/Projects/Embedded/gslam_controller/BSP/Src/bsp_uart.c:77:6:BspUart_Write	16	static
/home/ttd/Projects/Embedded/gslam_controller/BSP/Src/bsp_uart.c:96:6:BspUart_OnTxComplete	4	static
