Archive member included to satisfy reference by file (symbol)

/usr/lib/gcc/arm-none-eabi/13.2.1/../../../arm-none-eabi/lib/thumb/v7e-m+fp/hard/libm.a(libm_a-sf_cos.o)
                              CMakeFiles/gslam.dir/App/Src/drive_controller.cpp.obj (cosf)
/usr/lib/gcc/arm-none-eabi/13.2.1/../../../arm-none-eabi/lib/thumb/v7e-m+fp/hard/libm.a(libm_a-kf_cos.o)
                              /usr/lib/gcc/arm-none-eabi/13.2.1/../../../arm-none-eabi/lib/thumb/v7e-m+fp/hard/libm.a(libm_a-sf_cos.o) (__kernel_cosf)
/usr/lib/gcc/arm-none-eabi/13.2.1/../../../arm-none-eabi/lib/thumb/v7e-m+fp/hard/libm.a(libm_a-sf_sin.o)
                              CMakeFiles/gslam.dir/App/Src/drive_controller.cpp.obj (sinf)
/usr/lib/gcc/arm-none-eabi/13.2.1/../../../arm-none-eabi/lib/thumb/v7e-m+fp/hard/libm.a(libm_a-kf_sin.o)
                              /usr/lib/gcc/arm-none-eabi/13.2.1/../../../arm-none-eabi/lib/thumb/v7e-m+fp/hard/libm.a(libm_a-sf_cos.o) (__kernel_sinf)
/usr/lib/gcc/arm-none-eabi/13.2.1/../../../arm-none-eabi/lib/thumb/v7e-m+fp/hard/libm.a(libm_a-ef_rem_pio2.o)
                              /usr/lib/gcc/arm-none-eabi/13.2.1/../../../arm-none-eabi/lib/thumb/v7e-m+fp/hard/libm.a(libm_a-sf_cos.o) (__ieee754_rem_pio2f)
/usr/lib/gcc/arm-none-eabi/13.2.1/../../../arm-none-eabi/lib/thumb/v7e-m+fp/hard/libm.a(libm_a-sf_fabs.o)
                              /usr/lib/gcc/arm-none-eabi/13.2.1/../../../arm-none-eabi/lib/thumb/v7e-m+fp/hard/libm.a(libm_a-ef_rem_pio2.o) (fabsf)
/usr/lib/gcc/arm-none-eabi/13.2.1/../../../arm-none-eabi/lib/thumb/v7e-m+fp/hard/libm.a(libm_a-kf_rem_pio2.o)
                              /usr/lib/gcc/arm-none-eabi/13.2.1/../../../arm-none-eabi/lib/thumb/v7e-m+fp/hard/libm.a(libm_a-ef_rem_pio2.o) (__kernel_rem_pio2f)
/usr/lib/gcc/arm-none-eabi/13.2.1/../../../arm-none-eabi/lib/thumb/v7e-m+fp/hard/libm.a(libm_a-sf_scalbn.o)
                              /usr/lib/gcc/arm-none-eabi/13.2.1/../../../arm-none-eabi/lib/thumb/v7e-m+fp/hard/libm.a(libm_a-kf_rem_pio2.o) (scalbnf)
/usr/lib/gcc/arm-none-eabi/13.2.1/../../../arm-none-eabi/lib/thumb/v7e-m+fp/hard/libm.a(libm_a-sf_floor.o)
                              /usr/lib/gcc/arm-none-eabi/13.2.1/../../../arm-none-eabi/lib/thumb/v7e-m+fp/hard/libm.a(libm_a-kf_rem_pio2.o) (floorf)
/usr/lib/gcc/arm-none-eabi/13.2.1/thumb/v7e-m+fp/hard/libgcc.a(_aeabi_uldivmod.o)
                              cmake/stm32cubemx/CMakeFiles/STM32_Drivers.dir/__/__/Drivers/STM32F4xx_HAL_Driver/Src/stm32f4xx_hal_rcc.c.obj (__aeabi_uldivmod)
/usr/lib/gcc/arm-none-eabi/13.2.1/thumb/v7e-m+fp/hard/libgcc.a(_udivmoddi4.o)
                              /usr/lib/gcc/arm-none-eabi/13.2.1/thumb/v7e-m+fp/hard/libgcc.a(_aeabi_uldivmod.o) (__udivmoddi4)
/usr/lib/gcc/arm-none-eabi/13.2.1/thumb/v7e-m+fp/hard/libgcc.a(_dvmd_tls.o)
                              /usr/lib/gcc/arm-none-eabi/13.2.1/thumb/v7e-m+fp/hard/libgcc.a(_aeabi_uldivmod.o) (__aeabi_ldiv0)
/usr/lib/gcc/arm-none-eabi/13.2.1/../../../arm-none-eabi/lib/thumb/v7e-m+fp/hard/libg_nano.a(libc_a-init.o)
                              /usr/lib/gcc/arm-none-eabi/13.2.1/../../../arm-none-eabi/lib/thumb/v7e-m+fp/hard/crt0.o (__libc_init_array)
/usr/lib/gcc/arm-none-eabi/13.2.1/../../../arm-none-eabi/lib/thumb/v7e-m+fp/hard/libg_nano.a(libc_a-memset.o)
                              /usr/lib/gcc/arm-none-eabi/13.2.1/../../../arm-none-eabi/lib/thumb/v7e-m+fp/hard/crt0.o (memset)
/usr/lib/gcc/arm-none-eabi/13.2.1/../../../arm-none-eabi/lib/thumb/v7e-m+fp/hard/libg_nano.a(libc_a-errno.o)
                              CMakeFiles/gslam.dir/Core/Src/sysmem.c.obj (__errno)
/usr/lib/gcc/arm-none-eabi/13.2.1/../../../arm-none-eabi/lib/thumb/v7e-m+fp/hard/libg_nano.a(libc_a-memcpy.o)
                              CMakeFiles/gslam.dir/BSP/Src/bsp_uart.c.obj (memcpy)
/usr/lib/gcc/arm-none-eabi/13.2.1/../../../arm-none-eabi/lib/thumb/v7e-m+fp/hard/libg_nano.a(libc_a-exit.o)
                              /usr/lib/gcc/arm-none-eabi/13.2.1/../../../arm-none-eabi/lib/thumb/v7e-m+fp/hard/crt0.o (exit)
/usr/lib/gcc/arm-none-eabi/13.2.1/../../../arm-none-eabi/lib/thumb/v7e-m+fp/hard/libg_nano.a(libc_a-atexit.o)
                              /usr/lib/gcc/arm-none-eabi/13.2.1/../../../arm-none-eabi/lib/thumb/v7e-m+fp/hard/crt0.o (atexit)
/usr/lib/gcc/arm-none-eabi/13.2.1/../../../arm-none-eabi/lib/thumb/v7e-m+fp/hard/libg_nano.a(libc_a-fini.o)
                              /usr/lib/gcc/arm-none-eabi/13.2.1/../../../arm-none-eabi/lib/thumb/v7e-m+fp/hard/crt0.o (__libc_fini_array)
/usr/lib/gcc/arm-none-eabi/13.2.1/../../../arm-none-eabi/lib/thumb/v7e-m+fp/hard/libg_nano.a(libc_a-impure.o)
                              /usr/lib/gcc/arm-none-eabi/13.2.1/../../../arm-none-eabi/lib/thumb/v7e-m+fp/hard/libg_nano.a(libc_a-errno.o) (_impure_ptr)
/usr/lib/gcc/arm-none-eabi/13.2.1/../../../arm-none-eabi/lib/thumb/v7e-m+fp/hard/libg_nano.a(libc_a-findfp.o)
[...]
Memory Configuration

Name             Origin             Length             Attributes
RAM              0x20000000         0x00020000         xrw
CCMRAM           0x10000000         0x00010000         xrw
FLASH            0x08000000         0x00080000         xr
*default*        0x00000000         0xffffffff

Linker script and memory map

LOAD /usr/lib/gcc/arm-none-eabi/13.2.1/thumb/v7e-m+fp/hard/crti.o
LOAD /usr/lib/gcc/arm-none-eabi/13.2.1/thumb/v7e-m+fp/hard/crtbegin.o
LOAD /usr/lib/gcc/arm-none-eabi/13.2.1/../../../arm-none-eabi/lib/thumb/v7e-m+fp/hard/crt0.o
LOAD cmake/stm32cubemx/CMakeFiles/STM32_Drivers.dir/__/__/Core/Src/system_stm32f4xx.c.obj
LOAD cmake/stm32cubemx/CMakeFiles/STM32_Drivers.dir/__/__/Drivers/STM32F4xx_HAL_Driver/Src/stm32f4xx_hal_rcc.c.obj
LOAD cmake/stm32cubemx/CMakeFiles/STM32_Drivers.dir/__/__/Drivers/STM32F4xx_HAL_Driver/Src/stm32f4xx_hal_rcc_ex.c.obj
LOAD cmake/stm32cubemx/CMakeFiles/STM32_Drivers.dir/__/__/Drivers/STM32F4xx_HAL_Driver/Src/stm32f4xx_hal_flash.c.obj
LOAD cmake/stm32cubemx/CMakeFiles/STM32_Drivers.dir/__/__/Drivers/STM32F4xx_HAL_Driver/Src/stm32f4xx_hal_flash_ex.c.obj
LOAD cmake/stm32cubemx/CMakeFiles/STM32_Drivers.dir/__/__/Drivers/STM32F4xx_HAL_Driver/Src/stm32f4xx_hal_flash_ramfunc.c.obj
LOAD cmake/stm32cubemx/CMakeFiles/STM32_Drivers.dir/__/__/Drivers/STM32F4xx_HAL_Driver/Src/stm32f4xx_hal_gpio.c.obj
LOAD cmake/stm32cubemx/CMakeFiles/STM32_Drivers.dir/__/__/Drivers/STM32F4xx_HAL_Driver/Src/stm32f4xx_hal_dma_ex.c.obj
LOAD cmake/stm32cubemx/CMakeFiles/STM32_Drivers.dir/__/__/Drivers/STM32F4xx_HAL_Driver/Src/stm32f4xx_hal_dma.c.obj
LOAD cmake/stm32cubemx/CMakeFiles/STM32_Drivers.dir/__/__/Drivers/STM32F4xx_HAL_Driver/Src/stm32f4xx_hal_pwr.c.obj
LOAD cmake/stm32cubemx/CMakeFiles/STM32_Drivers.dir/__/__/Drivers/STM32F4xx_HAL_Driver/Src/stm32f4xx_hal_pwr_ex.c.obj
LOAD cmake/stm32cubemx/CMakeFiles/STM32_Drivers.dir/__/__/Drivers/STM32F4xx_HAL_Driver/Src/stm32f4xx_hal_cortex.c.obj
LOAD cmake/stm32cubemx/CMakeFiles/STM32_Drivers.dir/__/__/Drivers/STM32F4xx_HAL_Driver/Src/stm32f4xx_hal.c.obj
LOAD cmake/stm32cubemx/CMakeFiles/STM32_Drivers.dir/__/__/Drivers/STM32F4xx_HAL_Driver/Src/stm32f4xx_hal_exti.c.obj
LOAD cmake/stm32cubemx/CMakeFiles/STM32_Drivers.dir/__/__/Drivers/STM32F4xx_HAL_Driver/Src/stm32f4xx_hal_tim.c.obj
LOAD cmake/stm32cubemx/CMakeFiles/STM32_Drivers.dir/__/__/Drivers/STM32F4xx_HAL_Driver/Src/stm32f4xx_hal_tim_ex.c.obj
LOAD cmake/stm32cubemx/CMakeFiles/STM32_Drivers.dir/__/__/Drivers/STM32F4xx_HAL_Driver/Src/stm32f4xx_hal_i2c.c.obj
LOAD cmake/stm32cubemx/CMakeFiles/STM32_Drivers.dir/__/__/Drivers/STM32F4xx_HAL_Driver/Src/stm32f4xx_hal_i2c_ex.c.obj
LOAD cmake/stm32cubemx/CMakeFiles/STM32_Drivers.dir/__/__/Drivers/STM32F4xx_HAL_Driver/Src/stm32f4xx_hal_uart.c.obj
LOAD CMakeFiles/gslam.dir/Core/Src/main.c.obj
LOAD CMakeFiles/gslam.dir/Core/Src/dma.c.obj
LOAD CMakeFiles/gslam.dir/Core/Src/gpio.c.obj
LOAD CMakeFiles/gslam.dir/Core/Src/i2c.c.obj
LOAD CMakeFiles/gslam.dir/Core/Src/tim.c.obj
LOAD CMakeFiles/gslam.dir/Core/Src/stm32f4xx_it.c.obj
LOAD CMakeFiles/gslam.dir/Core/Src/stm32f4xx_hal_msp.c.obj
LOAD CMakeFiles/gslam.dir/Core/Src/usart.c.obj
LOAD CMakeFiles/gslam.dir/Core/Src/sysmem.c.obj
LOAD CMakeFiles/gslam.dir/Core/Src/syscalls.c.obj
LOAD CMakeFiles/gslam.dir/startup_stm32f407xx.s.obj
LOAD CMakeFiles/gslam.dir/BSP/Src/bsp_encoder.c.obj
LOAD CMakeFiles/gslam.dir/BSP/Src/bsp_battery.c.obj
LOAD CMakeFiles/gslam.dir/BSP/Src/bsp_motor.c.obj
LOAD CMakeFiles/gslam.dir/BSP/Src/bsp_time.c.obj
LOAD CMakeFiles/gslam.dir/BSP/Src/bsp_uart.c.obj
LOAD CMakeFiles/gslam.dir/App/Src/app_entry.cpp.obj
LOAD CMakeFiles/gslam.dir/App/Src/drive_controller.cpp.obj
LOAD CMakeFiles/gslam.dir/App/Src/cmd_recv.cpp.obj
LOAD CMakeFiles/gslam.dir/App/Src/telem_transmit.cpp.obj
LOAD CMakeFiles/gslam.dir/App/Src/app.cpp.obj
LOAD /usr/lib/gcc/arm-none-eabi/13.2.1/../../../arm-none-eabi/lib/thumb/v7e-m+fp/hard/libstdc++_nano.a
LOAD /usr/lib/gcc/arm-none-eabi/13.2.1/../../../arm-none-eabi/lib/thumb/v7e-m+fp/hard/libm.a
START GROUP
LOAD /usr/lib/gcc/arm-none-eabi/13.2.1/thumb/v7e-m+fp/hard/libgcc.a
LOAD /usr/lib/gcc/arm-none-eabi/13.2.1/../../../arm-none-eabi/lib/thumb/v7e-m+fp/hard/libg_nano.a
LOAD /usr/lib/gcc/arm-none-eabi/13.2.1/../../../arm-none-eabi/lib/thumb/v7e-m+fp/hard/libc_nano.a
END GROUP
START GROUP
LOAD /usr/lib/gcc/arm-none-eabi/13.2.1/thumb/v7e-m+fp/hard/libgcc.a
LOAD /usr/lib/gcc/arm-none-eabi/13.2.1/../../../arm-none-eabi/lib/thumb/v7e-m+fp/hard/libc_nano.a
END GROUP
LOAD /usr/lib/gcc/arm-none-eabi/13.2.1/thumb/v7e-m+fp/hard/crtend.o
LOAD /usr/lib/gcc/arm-none-eabi/13.2.1/thumb/v7e-m+fp/hard/crtn.o
                0x20020000                        _estack = (ORIGIN (RAM) + LENGTH (RAM))
                0x2001fc00                        _sstack = (_estack - _Min_Stack_Size)
                0x00000200                        _Min_Heap_Size = 0x200
                0x00000400                        _Min_Stack_Size = 0x400

.isr_vector     0x08000000      0x188
                0x08000000                        . = ALIGN (0x4)
 *(.isr_vector)
 .isr_vector    0x08000000      0x188 CMakeFiles/gslam.dir/startup_stm32f407xx.s.obj
                0x08000000                g_pfnVectors
                0x08000188                        . = ALIGN (0x4)

.text           0x08000188     0x8488
                0x08000188                        . = ALIGN (0x4)
 *(.text)
 .text          0x08000188       0x88 /usr/lib/gcc/arm-none-eabi/13.2.1/thumb/v7e-m+fp/hard/crtbegin.o
 .text          0x08000210       0x70 /usr/lib/gcc/arm-none-eabi/13.2.1/../../../arm-none-eabi/lib/thumb/v7e-m+fp/hard/libm.a(libm_a-sf_cos.o)
                0x08000210                cosf
 .text          0x08000280      0x104 /usr/lib/gcc/arm-none-eabi/13.2.1/../../../arm-none-eabi/lib/thumb/v7e-m+fp/hard/libm.a(libm_a-kf_cos.o)
                0x08000280                __kernel_cosf
 .text          0x08000384       0x74 /usr/lib/gcc/arm-none-eabi/13.2.1/../../../arm-none-eabi/lib/thumb/v7e-m+fp/hard/libm.a(libm_a-sf_sin.o)
                0x08000384                sinf
 .text          0x080003f8       0x90 /usr/lib/gcc/arm-none-eabi/13.2.1/../../../arm-none-eabi/lib/thumb/v7e-m+fp/hard/libm.a(libm_a-kf_sin.o)
                0x080003f8                __kernel_sinf
 .text          0x08000488      0x260 /usr/lib/gcc/arm-none-eabi/13.2.1/../../../arm-none-eabi/lib/thumb/v7e-m+fp/hard/libm.a(libm_a-ef_rem_pio2.o)
                0x08000488                __ieee754_rem_pio2f
 .text          0x080006e8       0x10 /usr/lib/gcc/arm-none-eabi/13.2.1/../../../arm-none-eabi/lib/thumb/v7e-m+fp/hard/libm.a(libm_a-sf_fabs.o)
                0x080006e8                fabsf
 .text          0x080006f8      0x63c /usr/lib/gcc/arm-none-eabi/13.2.1/../../../arm-none-eabi/lib/thumb/v7e-m+fp/hard/libm.a(libm_a-kf_rem_pio2.o)
                0x080006f8                __kernel_rem_pio2f
 .text          0x08000d34       0xe4 /usr/lib/gcc/arm-none-eabi/13.2.1/../../../arm-none-eabi/lib/thumb/v7e-m+fp/hard/libm.a(libm_a-sf_scalbn.o)
                0x08000d34                scalbnf
 .text          0x08000e18       0x94 /usr/lib/gcc/arm-none-eabi/13.2.1/../../../arm-none-eabi/lib/thumb/v7e-m+fp/hard/libm.a(libm_a-sf_floor.o)
                0x08000e18                floorf
 .text          0x08000eac       0x30 /usr/lib/gcc/arm-none-eabi/13.2.1/thumb/v7e-m+fp/hard/libgcc.a(_aeabi_uldivmod.o)
                0x08000eac                __aeabi_uldivmod
 .text          0x08000edc      0x2bc /usr/lib/gcc/arm-none-eabi/13.2.1/thumb/v7e-m+fp/hard/libgcc.a(_udivmoddi4.o)
                0x08000edc                __udivmoddi4
 .text          0x08001198        0x4 /usr/lib/gcc/arm-none-eabi/13.2.1/thumb/v7e-m+fp/hard/libgcc.a(_dvmd_tls.o)
                0x08001198                __aeabi_ldiv0
                0x08001198                __aeabi_idiv0
 .text          0x0800119c       0x50 /usr/lib/gcc/arm-none-eabi/13.2.1/../../../arm-none-eabi/lib/thumb/v7e-m+fp/hard/libg_nano.a(libc_a-init.o)
                0x0800119c                __libc_init_array
 .text          0x080011ec       0xa4 /usr/lib/gcc/arm-none-eabi/13.2.1/../../../arm-none-eabi/lib/thumb/v7e-m+fp/hard/libg_nano.a(libc_a-memset.o)
                0x080011ec                memset
 .text          0x08001290      0x134 /usr/lib/gcc/arm-none-eabi/13.2.1/../../../arm-none-eabi/lib/thumb/v7e-m+fp/hard/libg_nano.a(libc_a-memcpy.o)
                0x08001290                memcpy
 *(.text*)
 .text.SystemInit
                0x080013c4       0x24 cmake/stm32cubemx/CMakeFiles/STM32_Drivers.dir/__/__/Core/Src/system_stm32f4xx.c.obj
                0x080013c4                SystemInit
 .text.HAL_RCC_OscConfig
                0x080013e8      0x4f0 cmake/stm32cubemx/CMakeFiles/STM32_Drivers.dir/__/__/Drivers/STM32F4xx_HAL_Driver/Src/stm32f4xx_hal_rcc.c.obj
                0x080013e8                HAL_RCC_OscConfig
 .text.HAL_RCC_ClockConfig
                0x080018d8      0x1cc cmake/stm32cubemx/CMakeFiles/STM32_Drivers.dir/__/__/Drivers/STM32F4xx_HAL_Driver/Src/stm32f4xx_hal_rcc.c.obj
                0x080018d8                HAL_RCC_ClockConfig
 .text.HAL_RCC_GetSysClockFreq
                0x08001aa4      0x18c cmake/stm32cubemx/CMakeFiles/STM32_Drivers.dir/__/__/Drivers/STM32F4xx_HAL_Driver/Src/stm32f4xx_hal_rcc.c.obj
                0x08001aa4                HAL_RCC_GetSysClockFreq
 .text.HAL_RCC_GetHCLKFreq
                0x08001c30       0x18 cmake/stm32cubemx/CMakeFiles/STM32_Drivers.dir/__/__/Drivers/STM32F4xx_HAL_Driver/Src/stm32f4xx_hal_rcc.c.obj
                0x08001c30                HAL_RCC_GetHCLKFreq
 .text.HAL_RCC_GetPCLK1Freq
                0x08001c48       0x28 cmake/stm32cubemx/CMakeFiles/STM32_Drivers.dir/__/__/Drivers/STM32F4xx_HAL_Driver/Src/stm32f4xx_hal_rcc.c.obj
                0x08001c48                HAL_RCC_GetPCLK1Freq
 .text.HAL_RCC_GetPCLK2Freq
                0x08001c70       0x28 cmake/stm32cubemx/CMakeFiles/STM32_Drivers.dir/__/__/Drivers/STM32F4xx_HAL_Driver/Src/stm32f4xx_hal_rcc.c.obj
                0x08001c70                HAL_RCC_GetPCLK2Freq
 .text.HAL_GPIO_Init
                0x08001c98      0x338 cmake/stm32cubemx/CMakeFiles/STM32_Drivers.dir/__/__/Drivers/STM32F4xx_HAL_Driver/Src/stm32f4xx_hal_gpio.c.obj
                0x08001c98                HAL_GPIO_Init
 .text.HAL_GPIO_WritePin
                0x08001fd0       0x32 cmake/stm32cubemx/CMakeFiles/STM32_Drivers.dir/__/__/Drivers/STM32F4xx_HAL_Driver/Src/stm32f4xx_hal_gpio.c.obj
                0x08001fd0                HAL_GPIO_WritePin
 *fill*         0x08002002        0x2 
 .text.HAL_DMA_Init
                0x08002004      0x15c cmake/stm32cubemx/CMakeFiles/STM32_Drivers.dir/__/__/Drivers/STM32F4xx_HAL_Driver/Src/stm32f4xx_hal_dma.c.obj
                0x08002004                HAL_DMA_Init
 .text.HAL_DMA_Start_IT
                0x08002160       0xb0 cmake/stm32cubemx/CMakeFiles/STM32_Drivers.dir/__/__/Drivers/STM32F4xx_HAL_Driver/Src/stm32f4xx_hal_dma.c.obj
                0x08002160                HAL_DMA_Start_IT
 .text.HAL_DMA_Abort
                0x08002210       0xe0 cmake/stm32cubemx/CMakeFiles/STM32_Drivers.dir/__/__/Drivers/STM32F4xx_HAL_Driver/Src/stm32f4xx_hal_dma.c.obj
                0x08002210                HAL_DMA_Abort
 .text.HAL_DMA_Abort_IT
                0x080022f0       0x44 cmake/stm32cubemx/CMakeFiles/STM32_Drivers.dir/__/__/Drivers/STM32F4xx_HAL_Driver/Src/stm32f4xx_hal_dma.c.obj
                0x080022f0                HAL_DMA_Abort_IT
 .text.HAL_DMA_IRQHandler
                0x08002334      0x314 cmake/stm32cubemx/CMakeFiles/STM32_Drivers.dir/__/__/Drivers/STM32F4xx_HAL_Driver/Src/stm32f4xx_hal_dma.c.obj
                0x08002334                HAL_DMA_IRQHandler
 .text.DMA_SetConfig
                0x08002648       0x5c cmake/stm32cubemx/CMakeFiles/STM32_Drivers.dir/__/__/Drivers/STM32F4xx_HAL_Driver/Src/stm32f4xx_hal_dma.c.obj
 .text.DMA_CalcBaseAndBitshift
                0x080026a4       0x6c cmake/stm32cubemx/CMakeFiles/STM32_Drivers.dir/__/__/Drivers/STM32F4xx_HAL_Driver/Src/stm32f4xx_hal_dma.c.obj
 .text.DMA_CheckFifoParam
                0x08002710       0xf8 cmake/stm32cubemx/CMakeFiles/STM32_Drivers.dir/__/__/Drivers/STM32F4xx_HAL_Driver/Src/stm32f4xx_hal_dma.c.obj
 .text.__NVIC_SetPriorityGrouping
                0x08002808       0x48 cmake/stm32cubemx/CMakeFiles/STM32_Drivers.dir/__/__/Drivers/STM32F4xx_HAL_Driver/Src/stm32f4xx_hal_cortex.c.obj
 .text.__NVIC_GetPriorityGrouping
                0x08002850       0x1c cmake/stm32cubemx/CMakeFiles/STM32_Drivers.dir/__/__/Drivers/STM32F4xx_HAL_Driver/Src/stm32f4xx_hal_cortex.c.obj
 .text.__NVIC_EnableIRQ
                0x0800286c       0x3c cmake/stm32cubemx/CMakeFiles/STM32_Drivers.dir/__/__/Drivers/STM32F4xx_HAL_Driver/Src/stm32f4xx_hal_cortex.c.obj
 .text.__NVIC_SetPriority
                0x080028a8       0x54 cmake/stm32cubemx/CMakeFiles/STM32_Drivers.dir/__/__/Drivers/STM32F4xx_HAL_Driver/Src/stm32f4xx_hal_cortex.c.obj
 .text.NVIC_EncodePriority
                0x080028fc       0x66 cmake/stm32cubemx/CMakeFiles/STM32_Drivers.dir/__/__/Drivers/STM32F4xx_HAL_Driver/Src/stm32f4xx_hal_cortex.c.obj
 *fill*         0x08002962        0x2 
 .text.SysTick_Config
                0x08002964       0x44 cmake/stm32cubemx/CMakeFiles/STM32_Drivers.dir/__/__/Drivers/STM32F4xx_HAL_Driver/Src/stm32f4xx_hal_cortex.c.obj
 .text.HAL_NVIC_SetPriorityGrouping
                0x080029a8       0x16 cmake/stm32cubemx/CMakeFiles/STM32_Drivers.dir/__/__/Drivers/STM32F4xx_HAL_Driver/Src/stm32f4xx_hal_cortex.c.obj
                0x080029a8                HAL_NVIC_SetPriorityGrouping
 .text.HAL_NVIC_SetPriority
                0x080029be       0x38 cmake/stm32cubemx/CMakeFiles/STM32_Drivers.dir/__/__/Drivers/STM32F4xx_HAL_Driver/Src/stm32f4xx_hal_cortex.c.obj
                0x080029be                HAL_NVIC_SetPriority
 .text.HAL_NVIC_EnableIRQ
                0x080029f6       0x1c cmake/stm32cubemx/CMakeFiles/STM32_Drivers.dir/__/__/Drivers/STM32F4xx_HAL_Driver/Src/stm32f4xx_hal_cortex.c.obj
                0x080029f6                HAL_NVIC_EnableIRQ
 .text.HAL_SYSTICK_Config
                0x08002a12       0x18 cmake/stm32cubemx/CMakeFiles/STM32_Drivers.dir/__/__/Drivers/STM32F4xx_HAL_Driver/Src/stm32f4xx_hal_cortex.c.obj
                0x08002a12                HAL_SYSTICK_Config
 *fill*         0x08002a2a        0x2 
 .text.HAL_Init
                0x08002a2c       0x44 cmake/stm32cubemx/CMakeFiles/STM32_Drivers.dir/__/__/Drivers/STM32F4xx_HAL_Driver/Src/stm32f4xx_hal.c.obj
                0x08002a2c                HAL_Init
 .text.HAL_InitTick
                0x08002a70       0x60 cmake/stm32cubemx/CMakeFiles/STM32_Drivers.dir/__/__/Drivers/STM32F4xx_HAL_Driver/Src/stm32f4xx_hal.c.obj
                0x08002a70                HAL_InitTick
 .text.HAL_IncTick
                0x08002ad0       0x28 cmake/stm32cubemx/CMakeFiles/STM32_Drivers.dir/__/__/Drivers/STM32F4xx_HAL_Driver/Src/stm32f4xx_hal.c.obj
                0x08002ad0                HAL_IncTick
 .text.HAL_GetTick
                0x08002af8       0x18 cmake/stm32cubemx/CMakeFiles/STM32_Drivers.dir/__/__/Drivers/STM32F4xx_HAL_Driver/Src/stm32f4xx_hal.c.obj
                0x08002af8                HAL_GetTick
 .text.HAL_TIM_Base_Init
                0x08002b10       0x9e cmake/stm32cubemx/CMakeFiles/STM32_Drivers.dir/__/__/Drivers/STM32F4xx_HAL_Driver/Src/stm32f4xx_hal_tim.c.obj
                0x08002b10                HAL_TIM_Base_Init
 *fill*         0x08002bae        0x2 
 .text.HAL_TIM_Base_Start_IT
                0x08002bb0       0xe0 cmake/stm32cubemx/CMakeFiles/STM32_Drivers.dir/__/__/Drivers/STM32F4xx_HAL_Driver/Src/stm32f4xx_hal_tim.c.obj
                0x08002bb0                HAL_TIM_Base_Start_IT
 .text.HAL_TIM_PWM_Init
                0x08002c90       0x9e cmake/stm32cubemx/CMakeFiles/STM32_Drivers.dir/__/__/Drivers/STM32F4xx_HAL_Driver/Src/stm32f4xx_hal_tim.c.obj
                0x08002c90                HAL_TIM_PWM_Init
 .text.HAL_TIM_PWM_MspInit
                0x08002d2e       0x14 cmake/stm32cubemx/CMakeFiles/STM32_Drivers.dir/__/__/Drivers/STM32F4xx_HAL_Driver/Src/stm32f4xx_hal_tim.c.obj
                0x08002d2e                HAL_TIM_PWM_MspInit
 *fill*         0x08002d42        0x2 
 .text.HAL_TIM_PWM_Start
                0x08002d44      0x190 cmake/stm32cubemx/CMakeFiles/STM32_Drivers.dir/__/__/Drivers/STM32F4xx_HAL_Driver/Src/stm32f4xx_hal_tim.c.obj
                0x08002d44                HAL_TIM_PWM_Start
 .text.HAL_TIM_Encoder_Init
                0x08002ed4      0x14c cmake/stm32cubemx/CMakeFiles/STM32_Drivers.dir/__/__/Drivers/STM32F4xx_HAL_Driver/Src/stm32f4xx_hal_tim.c.obj
                0x08002ed4                HAL_TIM_Encoder_Init
 .text.HAL_TIM_Encoder_Start
                0x08003020      0x11c cmake/stm32cubemx/CMakeFiles/STM32_Drivers.dir/__/__/Drivers/STM32F4xx_HAL_Driver/Src/stm32f4xx_hal_tim.c.obj
                0x08003020                HAL_TIM_Encoder_Start
 .text.HAL_TIM_IRQHandler
                0x0800313c      0x1e0 cmake/stm32cubemx/CMakeFiles/STM32_Drivers.dir/__/__/Drivers/STM32F4xx_HAL_Driver/Src/stm32f4xx_hal_tim.c.obj
                0x0800313c                HAL_TIM_IRQHandler
 .text.HAL_TIM_PWM_ConfigChannel
                0x0800331c      0x184 cmake/stm32cubemx/CMakeFiles/STM32_Drivers.dir/__/__/Drivers/STM32F4xx_HAL_Driver/Src/stm32f4xx_hal_tim.c.obj
                0x0800331c                HAL_TIM_PWM_ConfigChannel
 .text.HAL_TIM_ConfigClockSource
                0x080034a0      0x18e cmake/stm32cubemx/CMakeFiles/STM32_Drivers.dir/__/__/Drivers/STM32F4xx_HAL_Driver/Src/stm32f4xx_hal_tim.c.obj
                0x080034a0                HAL_TIM_ConfigClockSource
 .text.HAL_TIM_OC_DelayElapsedCallback
                0x0800362e       0x14 cmake/stm32cubemx/CMakeFiles/STM32_Drivers.dir/__/__/Drivers/STM32F4xx_HAL_Driver/Src/stm32f4xx_hal_tim.c.obj
                0x0800362e                HAL_TIM_OC_DelayElapsedCallback
 .text.HAL_TIM_IC_CaptureCallback
                0x08003642       0x14 cmake/stm32cubemx/CMakeFiles/STM32_Drivers.dir/__/__/Drivers/STM32F4xx_HAL_Driver/Src/stm32f4xx_hal_tim.c.obj
                0x08003642                HAL_TIM_IC_CaptureCallback
 .text.HAL_TIM_PWM_PulseFinishedCallback
                0x08003656       0x14 cmake/stm32cubemx/CMakeFiles/STM32_Drivers.dir/__/__/Drivers/STM32F4xx_HAL_Driver/Src/stm32f4xx_hal_tim.c.obj
                0x08003656                HAL_TIM_PWM_PulseFinishedCallback
 .text.HAL_TIM_TriggerCallback
                0x0800366a       0x14 cmake/stm32cubemx/CMakeFiles/STM32_Drivers.dir/__/__/Drivers/STM32F4xx_HAL_Driver/Src/stm32f4xx_hal_tim.c.obj
                0x0800366a                HAL_TIM_TriggerCallback
 *fill*         0x0800367e        0x2 
 .text.TIM_Base_SetConfig
                0x08003680      0x14c cmake/stm32cubemx/CMakeFiles/STM32_Drivers.dir/__/__/Drivers/STM32F4xx_HAL_Driver/Src/stm32f4xx_hal_tim.c.obj
                0x08003680                TIM_Base_SetConfig
 .text.TIM_OC1_SetConfig
                0x080037cc       0xe0 cmake/stm32cubemx/CMakeFiles/STM32_Drivers.dir/__/__/Drivers/STM32F4xx_HAL_Driver/Src/stm32f4xx_hal_tim.c.obj
 .text.TIM_OC2_SetConfig
                0x080038ac       0xec cmake/stm32cubemx/CMakeFiles/STM32_Drivers.dir/__/__/Drivers/STM32F4xx_HAL_Driver/Src/stm32f4xx_hal_tim.c.obj
                0x080038ac                TIM_OC2_SetConfig
 .text.TIM_OC3_SetConfig
                0x08003998       0xe8 cmake/stm32cubemx/CMakeFiles/STM32_Drivers.dir/__/__/Drivers/STM32F4xx_HAL_Driver/Src/stm32f4xx_hal_tim.c.obj
 .text.TIM_OC4_SetConfig
                0x08003a80       0xac cmake/stm32cubemx/CMakeFiles/STM32_Drivers.dir/__/__/Drivers/STM32F4xx_HAL_Driver/Src/stm32f4xx_hal_tim.c.obj
 .text.TIM_TI1_ConfigInputStage
                0x08003b2c       0x5e cmake/stm32cubemx/CMakeFiles/STM32_Drivers.dir/__/__/Drivers/STM32F4xx_HAL_Driver/Src/stm32f4xx_hal_tim.c.obj
 .text.TIM_TI2_ConfigInputStage
                0x08003b8a       0x60 cmake/stm32cubemx/CMakeFiles/STM32_Drivers.dir/__/__/Drivers/STM32F4xx_HAL_Driver/Src/stm32f4xx_hal_tim.c.obj
 .text.TIM_ITRx_SetConfig
                0x08003bea       0x36 cmake/stm32cubemx/CMakeFiles/STM32_Drivers.dir/__/__/Drivers/STM32F4xx_HAL_Driver/Src/stm32f4xx_hal_tim.c.obj
 .text.TIM_ETR_SetConfig
                0x08003c20       0x40 cmake/stm32cubemx/CMakeFiles/STM32_Drivers.dir/__/__/Drivers/STM32F4xx_HAL_Driver/Src/stm32f4xx_hal_tim.c.obj
                0x08003c20                TIM_ETR_SetConfig
 .text.TIM_CCxChannelCmd
                0x08003c60       0x4a cmake/stm32cubemx/CMakeFiles/STM32_Drivers.dir/__/__/Drivers/STM32F4xx_HAL_Driver/Src/stm32f4xx_hal_tim.c.obj
                0x08003c60                TIM_CCxChannelCmd
 *fill*         0x08003caa        0x2 
 .text.HAL_TIMEx_MasterConfigSynchronization
                0x08003cac       0xf8 cmake/stm32cubemx/CMakeFiles/STM32_Drivers.dir/__/__/Drivers/STM32F4xx_HAL_Driver/Src/stm32f4xx_hal_tim_ex.c.obj
                0x08003cac                HAL_TIMEx_MasterConfigSynchronization
 .text.HAL_TIMEx_ConfigBreakDeadTime
                0x08003da4       0xa4 cmake/stm32cubemx/CMakeFiles/STM32_Drivers.dir/__/__/Drivers/STM32F4xx_HAL_Driver/Src/stm32f4xx_hal_tim_ex.c.obj
                0x08003da4                HAL_TIMEx_ConfigBreakDeadTime
 .text.HAL_TIMEx_CommutCallback
                0x08003e48       0x14 cmake/stm32cubemx/CMakeFiles/STM32_Drivers.dir/__/__/Drivers/STM32F4xx_HAL_Driver/Src/stm32f4xx_hal_tim_ex.c.obj
                0x08003e48                HAL_TIMEx_CommutCallback
 .text.HAL_TIMEx_BreakCallback
                0x08003e5c       0x14 cmake/stm32cubemx/CMakeFiles/STM32_Drivers.dir/__/__/Drivers/STM32F4xx_HAL_Driver/Src/stm32f4xx_hal_tim_ex.c.obj
                0x08003e5c                HAL_TIMEx_BreakCallback
 .text.HAL_I2C_Init
                0x08003e70      0x288 cmake/stm32cubemx/CMakeFiles/STM32_Drivers.dir/__/__/Drivers/STM32F4xx_HAL_Driver/Src/stm32f4xx_hal_i2c.c.obj
                0x08003e70                HAL_I2C_Init
 .text.HAL_I2C_Mem_Write
                0x080040f8      0x1f4 cmake/stm32cubemx/CMakeFiles/STM32_Drivers.dir/__/__/Drivers/STM32F4xx_HAL_Driver/Src/stm32f4xx_hal_i2c.c.obj
                0x080040f8                HAL_I2C_Mem_Write
 .text.HAL_I2C_Mem_Read
                0x080042ec      0x464 cmake/stm32cubemx/CMakeFiles/STM32_Drivers.dir/__/__/Drivers/STM32F4xx_HAL_Driver/Src/stm32f4xx_hal_i2c.c.obj
                0x080042ec                HAL_I2C_Mem_Read
 .text.I2C_RequestMemoryWrite
                0x08004750      0x12c cmake/stm32cubemx/CMakeFiles/STM32_Drivers.dir/__/__/Drivers/STM32F4xx_HAL_Driver/Src/stm32f4xx_hal_i2c.c.obj
 .text.I2C_RequestMemoryRead
                0x0800487c      0x1d0 cmake/stm32cubemx/CMakeFiles/STM32_Drivers.dir/__/__/Drivers/STM32F4xx_HAL_Driver/Src/stm32f4xx_hal_i2c.c.obj
 .text.I2C_WaitOnFlagUntilTimeout
                0x08004a4c       0xf4 cmake/stm32cubemx/CMakeFiles/STM32_Drivers.dir/__/__/Drivers/STM32F4xx_HAL_Driver/Src/stm32f4xx_hal_i2c.c.obj
 .text.I2C_WaitOnMasterAddressFlagUntilTimeout
                0x08004b40      0x140 cmake/stm32cubemx/CMakeFiles/STM32_Drivers.dir/__/__/Drivers/STM32F4xx_HAL_Driver/Src/stm32f4xx_hal_i2c.c.obj
 .text.I2C_WaitOnTXEFlagUntilTimeout
                0x08004c80       0x90 cmake/stm32cubemx/CMakeFiles/STM32_Drivers.dir/__/__/Drivers/STM32F4xx_HAL_Driver/Src/stm32f4xx_hal_i2c.c.obj
 .text.I2C_WaitOnBTFFlagUntilTimeout
                0x08004d10       0x90 cmake/stm32cubemx/CMakeFiles/STM32_Drivers.dir/__/__/Drivers/STM32F4xx_HAL_Driver/Src/stm32f4xx_hal_i2c.c.obj
 .text.I2C_WaitOnRXNEFlagUntilTimeout
                0x08004da0       0xba cmake/stm32cubemx/CMakeFiles/STM32_Drivers.dir/__/__/Drivers/STM32F4xx_HAL_Driver/Src/stm32f4xx_hal_i2c.c.obj
 .text.I2C_IsAcknowledgeFailed
                0x08004e5a       0x5e cmake/stm32cubemx/CMakeFiles/STM32_Drivers.dir/__/__/Drivers/STM32F4xx_HAL_Driver/Src/stm32f4xx_hal_i2c.c.obj
 .text.HAL_UART_Init
                0x08004eb8       0xa0 cmake/stm32cubemx/CMakeFiles/STM32_Drivers.dir/__/__/Drivers/STM32F4xx_HAL_Driver/Src/stm32f4xx_hal_uart.c.obj
                0x08004eb8                HAL_UART_Init
 .text.HAL_UART_Transmit_DMA
                0x08004f58       0xf8 cmake/stm32cubemx/CMakeFiles/STM32_Drivers.dir/__/__/Drivers/STM32F4xx_HAL_Driver/Src/stm32f4xx_hal_uart.c.obj
                0x08004f58                HAL_UART_Transmit_DMA
 .text.HAL_UART_Receive_DMA
                0x08005050       0x4a cmake/stm32cubemx/CMakeFiles/STM32_Drivers.dir/__/__/Drivers/STM32F4xx_HAL_Driver/Src/stm32f4xx_hal_uart.c.obj
                0x08005050                HAL_UART_Receive_DMA
 *fill*         0x0800509a        0x2 
 .text.HAL_UART_IRQHandler
                0x0800509c      0x554 cmake/stm32cubemx/CMakeFiles/STM32_Drivers.dir/__/__/Drivers/STM32F4xx_HAL_Driver/Src/stm32f4xx_hal_uart.c.obj
                0x0800509c                HAL_UART_IRQHandler
 .text.HAL_UART_TxHalfCpltCallback
                0x080055f0       0x14 cmake/stm32cubemx/CMakeFiles/STM32_Drivers.dir/__/__/Drivers/STM32F4xx_HAL_Driver/Src/stm32f4xx_hal_uart.c.obj
                0x080055f0                HAL_UART_TxHalfCpltCallback
 .text.HAL_UART_RxCpltCallback
                0x08005604       0x14 cmake/stm32cubemx/CMakeFiles/STM32_Drivers.dir/__/__/Drivers/STM32F4xx_HAL_Driver/Src/stm32f4xx_hal_uart.c.obj
                0x08005604                HAL_UART_RxCpltCallback
 .text.HAL_UART_RxHalfCpltCallback
                0x08005618       0x14 cmake/stm32cubemx/CMakeFiles/STM32_Drivers.dir/__/__/Drivers/STM32F4xx_HAL_Driver/Src/stm32f4xx_hal_uart.c.obj
                0x08005618                HAL_UART_RxHalfCpltCallback
 .text.HAL_UART_ErrorCallback
                0x0800562c       0x14 cmake/stm32cubemx/CMakeFiles/STM32_Drivers.dir/__/__/Drivers/STM32F4xx_HAL_Driver/Src/stm32f4xx_hal_uart.c.obj
                0x0800562c                HAL_UART_ErrorCallback
 .text.HAL_UARTEx_RxEventCallback
                0x08005640       0x18 cmake/stm32cubemx/CMakeFiles/STM32_Drivers.dir/__/__/Drivers/STM32F4xx_HAL_Driver/Src/stm32f4xx_hal_uart.c.obj
                0x08005640                HAL_UARTEx_RxEventCallback
 .text.UART_DMATransmitCplt
                0x08005658       0x9a cmake/stm32cubemx/CMakeFiles/STM32_Drivers.dir/__/__/Drivers/STM32F4xx_HAL_Driver/Src/stm32f4xx_hal_uart.c.obj
 .text.UART_DMATxHalfCplt
                0x080056f2       0x1c cmake/stm32cubemx/CMakeFiles/STM32_Drivers.dir/__/__/Drivers/STM32F4xx_HAL_Driver/Src/stm32f4xx_hal_uart.c.obj
 .text.UART_DMAReceiveCplt
                0x0800570e      0x12c cmake/stm32cubemx/CMakeFiles/STM32_Drivers.dir/__/__/Drivers/STM32F4xx_HAL_Driver/Src/stm32f4xx_hal_uart.c.obj
 .text.UART_DMARxHalfCplt
                0x0800583a       0x3c cmake/stm32cubemx/CMakeFiles/STM32_Drivers.dir/__/__/Drivers/STM32F4xx_HAL_Driver/Src/stm32f4xx_hal_uart.c.obj
 .text.UART_DMAError
                0x08005876       0x94 cmake/stm32cubemx/CMakeFiles/STM32_Drivers.dir/__/__/Drivers/STM32F4xx_HAL_Driver/Src/stm32f4xx_hal_uart.c.obj
 *fill*         0x0800590a        0x2 
 .text.UART_Start_Receive_DMA
                0x0800590c      0x14c cmake/stm32cubemx/CMakeFiles/STM32_Drivers.dir/__/__/Drivers/STM32F4xx_HAL_Driver/Src/stm32f4xx_hal_uart.c.obj
                0x0800590c                UART_Start_Receive_DMA
 .text.UART_EndTxTransfer
                0x08005a58       0x50 cmake/stm32cubemx/CMakeFiles/STM32_Drivers.dir/__/__/Drivers/STM32F4xx_HAL_Driver/Src/stm32f4xx_hal_uart.c.obj
 .text.UART_EndRxTransfer
                0x08005aa8       0xc6 cmake/stm32cubemx/CMakeFiles/STM32_Drivers.dir/__/__/Drivers/STM32F4xx_HAL_Driver/Src/stm32f4xx_hal_uart.c.obj
 .text.UART_DMAAbortOnError
                0x08005b6e       0x22 cmake/stm32cubemx/CMakeFiles/STM32_Drivers.dir/__/__/Drivers/STM32F4xx_HAL_Driver/Src/stm32f4xx_hal_uart.c.obj
 .text.UART_Transmit_IT
                0x08005b90       0xa0 cmake/stm32cubemx/CMakeFiles/STM32_Drivers.dir/__/__/Drivers/STM32F4xx_HAL_Driver/Src/stm32f4xx_hal_uart.c.obj
 .text.UART_EndTransmit_IT
                0x08005c30       0x30 cmake/stm32cubemx/CMakeFiles/STM32_Drivers.dir/__/__/Drivers/STM32F4xx_HAL_Driver/Src/stm32f4xx_hal_uart.c.obj
 .text.UART_Receive_IT
                0x08005c60      0x17c cmake/stm32cubemx/CMakeFiles/STM32_Drivers.dir/__/__/Drivers/STM32F4xx_HAL_Driver/Src/stm32f4xx_hal_uart.c.obj
 .text.UART_SetConfig
                0x08005ddc      0x4e8 cmake/stm32cubemx/CMakeFiles/STM32_Drivers.dir/__/__/Drivers/STM32F4xx_HAL_Driver/Src/stm32f4xx_hal_uart.c.obj
 .text.main     0x080062c4       0x36 CMakeFiles/gslam.dir/Core/Src/main.c.obj
                0x080062c4                main
 *fill*         0x080062fa        0x2 
 .text.SystemClock_Config
                0x080062fc       0xbc CMakeFiles/gslam.dir/Core/Src/main.c.obj
                0x080062fc                SystemClock_Config
 .text.HAL_TIM_PeriodElapsedCallback
                0x080063b8       0x24 CMakeFiles/gslam.dir/Core/Src/main.c.obj
                0x080063b8                HAL_TIM_PeriodElapsedCallback
 .text.HAL_UART_TxCpltCallback
                0x080063dc       0x24 CMakeFiles/gslam.dir/Core/Src/main.c.obj
                0x080063dc                HAL_UART_TxCpltCallback
 .text.Error_Handler
                0x08006400        0xc CMakeFiles/gslam.dir/Core/Src/main.c.obj
                0x08006400                Error_Handler
 .text.MX_DMA_Init
                0x0800640c       0x50 CMakeFiles/gslam.dir/Core/Src/dma.c.obj
                0x0800640c                MX_DMA_Init
 .text.MX_GPIO_Init
                0x0800645c       0xbc CMakeFiles/gslam.dir/Core/Src/gpio.c.obj
                0x0800645c                MX_GPIO_Init
 .text.MX_I2C1_Init
                0x08006518       0x5c CMakeFiles/gslam.dir/Core/Src/i2c.c.obj
                0x08006518                MX_I2C1_Init
 .text.HAL_I2C_MspInit
                0x08006574       0x90 CMakeFiles/gslam.dir/Core/Src/i2c.c.obj
                0x08006574                HAL_I2C_MspInit
 .text.MX_TIM1_Init
                0x08006604      0x188 CMakeFiles/gslam.dir/Core/Src/tim.c.obj
                0x08006604                MX_TIM1_Init
 .text.MX_TIM2_Init
                0x0800678c       0xa8 CMakeFiles/gslam.dir/Core/Src/tim.c.obj
                0x0800678c                MX_TIM2_Init
 .text.MX_TIM5_Init
                0x08006834       0xa8 CMakeFiles/gslam.dir/Core/Src/tim.c.obj
                0x08006834                MX_TIM5_Init
 .text.MX_TIM6_Init
                0x080068dc       0x6c CMakeFiles/gslam.dir/Core/Src/tim.c.obj
                0x080068dc                MX_TIM6_Init
 .text.HAL_TIM_Base_MspInit
                0x08006948       0x7c CMakeFiles/gslam.dir/Core/Src/tim.c.obj
                0x08006948                HAL_TIM_Base_MspInit
 .text.HAL_TIM_Encoder_MspInit
                0x080069c4      0x134 CMakeFiles/gslam.dir/Core/Src/tim.c.obj
                0x080069c4                HAL_TIM_Encoder_MspInit
 .text.HAL_TIM_MspPostInit
                0x08006af8       0x74 CMakeFiles/gslam.dir/Core/Src/tim.c.obj
                0x08006af8                HAL_TIM_MspPostInit
 .text.NMI_Handler
                0x08006b6c        0x8 CMakeFiles/gslam.dir/Core/Src/stm32f4xx_it.c.obj
                0x08006b6c                NMI_Handler
 .text.HardFault_Handler
                0x08006b74        0x8 CMakeFiles/gslam.dir/Core/Src/stm32f4xx_it.c.obj
                0x08006b74                HardFault_Handler
 .text.MemManage_Handler
                0x08006b7c        0x8 CMakeFiles/gslam.dir/Core/Src/stm32f4xx_it.c.obj
                0x08006b7c                MemManage_Handler
 .text.BusFault_Handler
                0x08006b84        0x8 CMakeFiles/gslam.dir/Core/Src/stm32f4xx_it.c.obj
                0x08006b84                BusFault_Handler
 .text.UsageFault_Handler
                0x08006b8c        0x8 CMakeFiles/gslam.dir/Core/Src/stm32f4xx_it.c.obj
                0x08006b8c                UsageFault_Handler
 .text.SVC_Handler
                0x08006b94        0xe CMakeFiles/gslam.dir/Core/Src/stm32f4xx_it.c.obj
                0x08006b94                SVC_Handler
 .text.DebugMon_Handler
                0x08006ba2        0xe CMakeFiles/gslam.dir/Core/Src/stm32f4xx_it.c.obj
                0x08006ba2                DebugMon_Handler
 .text.PendSV_Handler
                0x08006bb0        0xe CMakeFiles/gslam.dir/Core/Src/stm32f4xx_it.c.obj
                0x08006bb0                PendSV_Handler
 .text.SysTick_Handler
                0x08006bbe        0xc CMakeFiles/gslam.dir/Core/Src/stm32f4xx_it.c.obj
                0x08006bbe                SysTick_Handler
 *fill*         0x08006bca        0x2 
 .text.USART1_IRQHandler
                0x08006bcc       0x14 CMakeFiles/gslam.dir/Core/Src/stm32f4xx_it.c.obj
                0x08006bcc                USART1_IRQHandler
 .text.TIM6_DAC_IRQHandler
                0x08006be0       0x14 CMakeFiles/gslam.dir/Core/Src/stm32f4xx_it.c.obj
                0x08006be0                TIM6_DAC_IRQHandler
 .text.DMA2_Stream2_IRQHandler
                0x08006bf4       0x14 CMakeFiles/gslam.dir/Core/Src/stm32f4xx_it.c.obj
                0x08006bf4                DMA2_Stream2_IRQHandler
 .text.DMA2_Stream7_IRQHandler
                0x08006c08       0x14 CMakeFiles/gslam.dir/Core/Src/stm32f4xx_it.c.obj
                0x08006c08                DMA2_Stream7_IRQHandler
 .text.HAL_MspInit
                0x08006c1c       0x50 CMakeFiles/gslam.dir/Core/Src/stm32f4xx_hal_msp.c.obj
                0x08006c1c                HAL_MspInit
 .text.MX_USART1_UART_Init
                0x08006c6c       0x54 CMakeFiles/gslam.dir/Core/Src/usart.c.obj
                0x08006c6c                MX_USART1_UART_Init
 .text.HAL_UART_MspInit
                0x08006cc0      0x16c CMakeFiles/gslam.dir/Core/Src/usart.c.obj
                0x08006cc0                HAL_UART_MspInit
 .text.Reset_Handler
                0x08006e2c       0x50 CMakeFiles/gslam.dir/startup_stm32f407xx.s.obj
                0x08006e2c                Reset_Handler
 .text.Default_Handler
                0x08006e7c        0x2 CMakeFiles/gslam.dir/startup_stm32f407xx.s.obj
                0x08006e7c                RTC_Alarm_IRQHandler
                0x08006e7c                HASH_RNG_IRQHandler
                0x08006e7c                EXTI2_IRQHandler
                0x08006e7c                TIM8_CC_IRQHandler
                0x08006e7c                TIM1_CC_IRQHandler
                0x08006e7c                DMA2_Stream5_IRQHandler
                0x08006e7c                DMA1_Stream5_IRQHandler
                0x08006e7c                PVD_IRQHandler
                0x08006e7c                SDIO_IRQHandler
                0x08006e7c                TAMP_STAMP_IRQHandler
                0x08006e7c                CAN2_RX1_IRQHandler
                0x08006e7c                EXTI3_IRQHandler
                0x08006e7c                TIM8_TRG_COM_TIM14_IRQHandler
                0x08006e7c                TIM1_UP_TIM10_IRQHandler
                0x08006e7c                TIM8_UP_TIM13_IRQHandler
                0x08006e7c                I2C3_ER_IRQHandler
                0x08006e7c                EXTI0_IRQHandler
                0x08006e7c                I2C2_EV_IRQHandler
                0x08006e7c                DMA1_Stream2_IRQHandler
                0x08006e7c                CAN1_RX0_IRQHandler
                0x08006e7c                FPU_IRQHandler
                0x08006e7c                OTG_HS_WKUP_IRQHandler
                0x08006e7c                CAN2_SCE_IRQHandler
                0x08006e7c                SPI1_IRQHandler
                0x08006e7c                TIM1_BRK_TIM9_IRQHandler
                0x08006e7c                DCMI_IRQHandler
                0x08006e7c                CAN2_RX0_IRQHandler
                0x08006e7c                DMA2_Stream3_IRQHandler
                0x08006e7c                USART6_IRQHandler
                0x08006e7c                USART3_IRQHandler
                0x08006e7c                CAN1_RX1_IRQHandler
                0x08006e7c                UART5_IRQHandler
                0x08006e7c                DMA2_Stream0_IRQHandler
                0x08006e7c                TIM4_IRQHandler
                0x08006e7c                I2C1_EV_IRQHandler
                0x08006e7c                DMA1_Stream6_IRQHandler
                0x08006e7c                DMA1_Stream1_IRQHandler
                0x08006e7c                UART4_IRQHandler
                0x08006e7c                TIM3_IRQHandler
                0x08006e7c                RCC_IRQHandler
                0x08006e7c                TIM8_BRK_TIM12_IRQHandler
                0x08006e7c                Default_Handler
                0x08006e7c                EXTI15_10_IRQHandler
                0x08006e7c                ADC_IRQHandler
                0x08006e7c                DMA1_Stream7_IRQHandler
                0x08006e7c                TIM7_IRQHandler
                0x08006e7c                CAN2_TX_IRQHandler
                0x08006e7c                TIM5_IRQHandler
                0x08006e7c                I2C3_EV_IRQHandler
                0x08006e7c                EXTI9_5_IRQHandler
                0x08006e7c                RTC_WKUP_IRQHandler
                0x08006e7c                ETH_WKUP_IRQHandler
                0x08006e7c                SPI2_IRQHandler
                0x08006e7c                OTG_HS_EP1_IN_IRQHandler
                0x08006e7c                DMA1_Stream0_IRQHandler
                0x08006e7c                CAN1_TX_IRQHandler
                0x08006e7c                EXTI4_IRQHandler
                0x08006e7c                FSMC_IRQHandler
                0x08006e7c                ETH_IRQHandler
                0x08006e7c                OTG_HS_EP1_OUT_IRQHandler
                0x08006e7c                WWDG_IRQHandler
                0x08006e7c                TIM2_IRQHandler
                0x08006e7c                OTG_FS_WKUP_IRQHandler
                0x08006e7c                TIM1_TRG_COM_TIM11_IRQHandler
                0x08006e7c                OTG_HS_IRQHandler
                0x08006e7c                EXTI1_IRQHandler
                0x08006e7c                USART2_IRQHandler
                0x08006e7c                I2C2_ER_IRQHandler
                0x08006e7c                DMA2_Stream1_IRQHandler
                0x08006e7c                CAN1_SCE_IRQHandler
                0x08006e7c                FLASH_IRQHandler
                0x08006e7c                DMA2_Stream4_IRQHandler
                0x08006e7c                OTG_FS_IRQHandler
                0x08006e7c                SPI3_IRQHandler
                0x08006e7c                DMA1_Stream4_IRQHandler
                0x08006e7c                I2C1_ER_IRQHandler
                0x08006e7c                DMA2_Stream6_IRQHandler
                0x08006e7c                DMA1_Stream3_IRQHandler
 *fill*         0x08006e7e        0x2 
 .text.BspEncoder_Init
                0x08006e80       0x20 CMakeFiles/gslam.dir/BSP/Src/bsp_encoder.c.obj
                0x08006e80                BspEncoder_Init
 .text.BspEncoder_GetLeftCount
                0x08006ea0       0x18 CMakeFiles/gslam.dir/BSP/Src/bsp_encoder.c.obj
                0x08006ea0                BspEncoder_GetLeftCount
 .text.BspEncoder_GetRightCount
                0x08006eb8       0x18 CMakeFiles/gslam.dir/BSP/Src/bsp_encoder.c.obj
                0x08006eb8                BspEncoder_GetRightCount
 .text.ina219_write_u16
                0x08006ed0       0x54 CMakeFiles/gslam.dir/BSP/Src/bsp_battery.c.obj
 .text.ina219_read_u16
                0x08006f24       0x58 CMakeFiles/gslam.dir/BSP/Src/bsp_battery.c.obj
 .text.voltage_to_percentage
                0x08006f7c       0x8c CMakeFiles/gslam.dir/BSP/Src/bsp_battery.c.obj
 .text.BspBattery_Init
                0x08007008       0x12 CMakeFiles/gslam.dir/BSP/Src/bsp_battery.c.obj
                0x08007008                BspBattery_Init
 *fill*         0x0800701a        0x2 
 .text.BspBattery_Read
                0x0800701c       0x8c CMakeFiles/gslam.dir/BSP/Src/bsp_battery.c.obj
                0x0800701c                BspBattery_Read
 .text.duty_to_compare
                0x080070a8       0x6c CMakeFiles/gslam.dir/BSP/Src/bsp_motor.c.obj
 .text.set_half_bridge
                0x08007114      0x118 CMakeFiles/gslam.dir/BSP/Src/bsp_motor.c.obj
 .text.BspMotor_Init
                0x0800722c       0x48 CMakeFiles/gslam.dir/BSP/Src/bsp_motor.c.obj
                0x0800722c                BspMotor_Init
 .text.BspMotor_Enable
                0x08007274       0x30 CMakeFiles/gslam.dir/BSP/Src/bsp_motor.c.obj
                0x08007274                BspMotor_Enable
 .text.BspMotor_SetLeftDuty
                0x080072a4       0x1e CMakeFiles/gslam.dir/BSP/Src/bsp_motor.c.obj
                0x080072a4                BspMotor_SetLeftDuty
 .text.BspMotor_SetRightDuty
                0x080072c2       0x1e CMakeFiles/gslam.dir/BSP/Src/bsp_motor.c.obj
                0x080072c2                BspMotor_SetRightDuty
 .text.BspTime_Init
                0x080072e0        0xe CMakeFiles/gslam.dir/BSP/Src/bsp_time.c.obj
                0x080072e0                BspTime_Init
 *fill*         0x080072ee        0x2 
 .text.BspTime_StartControlTick
                0x080072f0       0x14 CMakeFiles/gslam.dir/BSP/Src/bsp_time.c.obj
                0x080072f0                BspTime_StartControlTick
 .text.BspTime_NowMs
                0x08007304        0xe CMakeFiles/gslam.dir/BSP/Src/bsp_time.c.obj
                0x08007304                BspTime_NowMs
 *fill*         0x08007312        0x2 
 .text.BspTime_ControlDtSeconds
                0x08007314       0x1c CMakeFiles/gslam.dir/BSP/Src/bsp_time.c.obj
                0x08007314                BspTime_ControlDtSeconds
 .text.ring_push
                0x08007330       0x5c CMakeFiles/gslam.dir/BSP/Src/bsp_uart.c.obj
 .text.BspUart_Init
                0x0800738c       0x70 CMakeFiles/gslam.dir/BSP/Src/bsp_uart.c.obj
                0x0800738c                BspUart_Init
 .text.BspUart_PollRx
                0x080073fc       0x64 CMakeFiles/gslam.dir/BSP/Src/bsp_uart.c.obj
                0x080073fc                BspUart_PollRx
 .text.BspUart_ReadByte
                0x08007460       0x58 CMakeFiles/gslam.dir/BSP/Src/bsp_uart.c.obj
                0x08007460                BspUart_ReadByte
 .text.BspUart_Write
                0x080074b8       0x6c CMakeFiles/gslam.dir/BSP/Src/bsp_uart.c.obj
                0x080074b8                BspUart_Write
 .text.BspUart_OnTxComplete
                0x08007524       0x18 CMakeFiles/gslam.dir/BSP/Src/bsp_uart.c.obj
                0x08007524                BspUart_OnTxComplete
 .text._ZN3app15CommandReceiverC2Ev
                0x0800753c       0x2c CMakeFiles/gslam.dir/App/Src/app_entry.cpp.obj
                0x0800753c                app::CommandReceiver::CommandReceiver()
                0x0800753c                app::CommandReceiver::CommandReceiver()
 .text._ZN3app20TelemetryTransmitterC2Ev
                0x08007568       0x22 CMakeFiles/gslam.dir/App/Src/app_entry.cpp.obj
                0x08007568                app::TelemetryTransmitter::TelemetryTransmitter()
                0x08007568                app::TelemetryTransmitter::TelemetryTransmitter()
 .text._ZN3app3AppC2Ev
                0x0800758a       0x54 CMakeFiles/gslam.dir/App/Src/app_entry.cpp.obj
                0x0800758a                app::App::App()
                0x0800758a                app::App::App()
 *fill*         0x080075de        0x2 
 .text.App_Init
                0x080075e0       0x14 CMakeFiles/gslam.dir/App/Src/app_entry.cpp.obj
                0x080075e0                App_Init
 .text.App_RunFastTick
                0x080075f4       0x14 CMakeFiles/gslam.dir/App/Src/app_entry.cpp.obj
                0x080075f4                App_RunFastTick
 .text.App_RunSlowTick
                0x08007608       0x14 CMakeFiles/gslam.dir/App/Src/app_entry.cpp.obj
                0x08007608                App_RunSlowTick
 .text._Z41__static_initialization_and_destruction_0v
                0x0800761c       0x14 CMakeFiles/gslam.dir/App/Src/app_entry.cpp.obj
 .text._GLOBAL__sub_I_App_Init
                0x08007630        0xa CMakeFiles/gslam.dir/App/Src/app_entry.cpp.obj
 .text._ZSt3cosf
                0x0800763a       0x20 CMakeFiles/gslam.dir/App/Src/drive_controller.cpp.obj
                0x0800763a                std::cos(float)
 .text._ZSt3sinf
                0x0800765a       0x20 CMakeFiles/gslam.dir/App/Src/drive_controller.cpp.obj
                0x0800765a                std::sin(float)
 .text._ZN3app12_GLOBAL__N_15ClampEfff
                0x0800767a       0x52 CMakeFiles/gslam.dir/App/Src/drive_controller.cpp.obj
 .text._ZN3app12_GLOBAL__N_14SlewEfff
                0x080076cc       0x48 CMakeFiles/gslam.dir/App/Src/drive_controller.cpp.obj
 .text._ZN3app12PIControllerC2Eff
                0x08007714       0x32 CMakeFiles/gslam.dir/App/Src/drive_controller.cpp.obj
                0x08007714                app::PIController::PIController(float, float)
                0x08007714                app::PIController::PIController(float, float)
 .text._ZN3app12PIController6UpdateEfff
                0x08007746       0x80 CMakeFiles/gslam.dir/App/Src/drive_controller.cpp.obj
                0x08007746                app::PIController::Update(float, float, float)
 .text._ZN3app12PIController5ResetEv
                0x080077c6       0x1c CMakeFiles/gslam.dir/App/Src/drive_controller.cpp.obj
                0x080077c6                app::PIController::Reset()
 *fill*         0x080077e2        0x2 
 .text._ZN3app15DriveControllerC2Ev
                0x080077e4       0xac CMakeFiles/gslam.dir/App/Src/drive_controller.cpp.obj
                0x080077e4                app::DriveController::DriveController()
                0x080077e4                app::DriveController::DriveController()
 .text._ZN3app15DriveController4InitEm
                0x08007890       0x3a CMakeFiles/gslam.dir/App/Src/drive_controller.cpp.obj
                0x08007890                app::DriveController::Init(unsigned long)
 .text._ZN3app15DriveController10SetCommandERKNS_13MotionCommandEm
                0x080078ca       0x34 CMakeFiles/gslam.dir/App/Src/drive_controller.cpp.obj
                0x080078ca                app::DriveController::SetCommand(app::MotionCommand const&, unsigned long)
 .text._ZN3app15DriveController8FastTickEmf
                0x080078fe      0x198 CMakeFiles/gslam.dir/App/Src/drive_controller.cpp.obj
                0x080078fe                app::DriveController::FastTick(unsigned long, float)
 .text._ZNK3app15DriveController17IsCommandTimedOutEm
                0x08007a96       0x3c CMakeFiles/gslam.dir/App/Src/drive_controller.cpp.obj
                0x08007a96                app::DriveController::IsCommandTimedOut(unsigned long) const
 .text._ZNK3app15DriveController9telemetryEv
                0x08007ad2       0x18 CMakeFiles/gslam.dir/App/Src/drive_controller.cpp.obj
                0x08007ad2                app::DriveController::telemetry() const
 *fill*         0x08007aea        0x2 
 .text._ZNK3app15DriveController18BodyToWheelTargetsERKNS_13MotionCommandE
                0x08007aec       0x64 CMakeFiles/gslam.dir/App/Src/drive_controller.cpp.obj
                0x08007aec                app::DriveController::BodyToWheelTargets(app::MotionCommand const&) const
 .text._ZN3app15DriveController19EstimateWheelSpeedsEllf
                0x08007b50       0xbc CMakeFiles/gslam.dir/App/Src/drive_controller.cpp.obj
                0x08007b50                app::DriveController::EstimateWheelSpeeds(long, long, float)
 .text._ZN3app15DriveController12LimitCommandERKNS_13MotionCommandEf
                0x08007c0c       0xc4 CMakeFiles/gslam.dir/App/Src/drive_controller.cpp.obj
                0x08007c0c                app::DriveController::LimitCommand(app::MotionCommand const&, float)
 .text._ZN3app15DriveController14UpdateOdometryERKNS_11WheelSpeedsEf
                0x08007cd0       0xe8 CMakeFiles/gslam.dir/App/Src/drive_controller.cpp.obj
                0x08007cd0                app::DriveController::UpdateOdometry(app::WheelSpeeds const&, float)
 .text._ZN3app15DriveController16UpdateSupervisorEb
                0x08007db8       0x3e CMakeFiles/gslam.dir/App/Src/drive_controller.cpp.obj
                0x08007db8                app::DriveController::UpdateSupervisor(bool)
 .text._ZN3app12_GLOBAL__N_15Crc16EPKhj
                0x08007df6       0x7e CMakeFiles/gslam.dir/App/Src/cmd_recv.cpp.obj
 .text._ZN3app15CommandReceiver14TryDecodeFrameEPKhjRNS_13MotionCommandE
                0x08007e74      0x100 CMakeFiles/gslam.dir/App/Src/cmd_recv.cpp.obj
                0x08007e74                app::CommandReceiver::TryDecodeFrame(unsigned char const*, unsigned int, app::MotionCommand&)
 .text._ZN3app15CommandReceiver6OnByteEhRNS_13MotionCommandE
                0x08007f74      0x106 CMakeFiles/gslam.dir/App/Src/cmd_recv.cpp.obj
                0x08007f74                app::CommandReceiver::OnByte(unsigned char, app::MotionCommand&)
 .text._ZNSt5arrayIhLj55EEixEj
                0x0800807a       0x1c CMakeFiles/gslam.dir/App/Src/cmd_recv.cpp.obj
                0x0800807a                std::array<unsigned char, 55u>::operator[](unsigned int)
 .text._ZN3app12_GLOBAL__N_15Crc16EPKhj
                0x08008096       0x7e CMakeFiles/gslam.dir/App/Src/telem_transmit.cpp.obj
 .text._ZN3app12_GLOBAL__N_111EncodeFrameERKNS_13TelemetryDataEhRNS_15TelemetryPacketE
                0x08008114      0x120 CMakeFiles/gslam.dir/App/Src/telem_transmit.cpp.obj
 .text._ZN3app20TelemetryTransmitter9MaybeSendEmRKNS_13TelemetryDataE
                0x08008234       0x60 CMakeFiles/gslam.dir/App/Src/telem_transmit.cpp.obj
                0x08008234                app::TelemetryTransmitter::MaybeSend(unsigned long, app::TelemetryData const&)
 .text._ZN3app12_GLOBAL__N_113SaturateToIntItEET_ff
                0x08008294       0xa4 CMakeFiles/gslam.dir/App/Src/telem_transmit.cpp.obj
 .text._ZN3app12_GLOBAL__N_113SaturateToIntIsEET_ff
                0x08008338       0xac CMakeFiles/gslam.dir/App/Src/telem_transmit.cpp.obj
 .text._ZN3app12_GLOBAL__N_113SaturateToIntIlEET_ff
                0x080083e4       0xa4 CMakeFiles/gslam.dir/App/Src/telem_transmit.cpp.obj
 .text._ZN3app12_GLOBAL__N_118ProcessPendingUartERNS_15CommandReceiverERNS_15DriveControllerE
                0x08008488       0x60 CMakeFiles/gslam.dir/App/Src/app.cpp.obj
 .text._ZN3app3App4InitEv
                0x080084e8       0x40 CMakeFiles/gslam.dir/App/Src/app.cpp.obj
                0x080084e8                app::App::Init()
 .text._ZN3app3App11RunFastTickEv
                0x08008528       0x3e CMakeFiles/gslam.dir/App/Src/app.cpp.obj
                0x08008528                app::App::RunFastTick()
 .text._ZN3app3App11RunSlowTickEv
                0x08008566       0x90 CMakeFiles/gslam.dir/App/Src/app.cpp.obj
                0x08008566                app::App::RunSlowTick()
 *(.glue_7)
 .glue_7        0x080085f6        0x0 linker stubs
 *(.glue_7t)
 .glue_7t       0x080085f6        0x0 linker stubs
 *(.eh_frame)
 *fill*         0x080085f6        0x2 
 .eh_frame      0x080085f8        0x0 /usr/lib/gcc/arm-none-eabi/13.2.1/thumb/v7e-m+fp/hard/crtbegin.o
 *(.init)
 .init          0x080085f8        0x4 /usr/lib/gcc/arm-none-eabi/13.2.1/thumb/v7e-m+fp/hard/crti.o
                0x080085f8                _init
 .init          0x080085fc        0x8 /usr/lib/gcc/arm-none-eabi/13.2.1/thumb/v7e-m+fp/hard/crtn.o
 *(.fini)
 .fini          0x08008604        0x4 /usr/lib/gcc/arm-none-eabi/13.2.1/thumb/v7e-m+fp/hard/crti.o
                0x08008604                _fini
 .fini          0x08008608        0x8 /usr/lib/gcc/arm-none-eabi/13.2.1/thumb/v7e-m+fp/hard/crtn.o
                0x08008610                        . = ALIGN (0x4)
                0x08008610                        _etext = .

.vfp11_veneer   0x08008610        0x0
 .vfp11_veneer  0x08008610        0x0 linker stubs

.v4_bx          0x08008610        0x0
 .v4_bx         0x08008610        0x0 linker stubs

.iplt           0x08008610        0x0
 .iplt          0x08008610        0x0 /usr/lib/gcc/arm-none-eabi/13.2.1/thumb/v7e-m+fp/hard/crtbegin.o

.rodata         0x08008610      0x3f0
                0x08008610                        . = ALIGN (0x4)
 *(.rodata)
 .rodata        0x08008610      0x398 /usr/lib/gcc/arm-none-eabi/13.2.1/../../../arm-none-eabi/lib/thumb/v7e-m+fp/hard/libm.a(libm_a-ef_rem_pio2.o)
 .rodata        0x080089a8       0x38 /usr/lib/gcc/arm-none-eabi/13.2.1/../../../arm-none-eabi/lib/thumb/v7e-m+fp/hard/libm.a(libm_a-kf_rem_pio2.o)
 *(.rodata*)
 .rodata.AHBPrescTable
                0x080089e0       0x10 cmake/stm32cubemx/CMakeFiles/STM32_Drivers.dir/__/__/Core/Src/system_stm32f4xx.c.obj
                0x080089e0                AHBPrescTable
 .rodata.APBPrescTable
                0x080089f0        0x8 cmake/stm32cubemx/CMakeFiles/STM32_Drivers.dir/__/__/Core/Src/system_stm32f4xx.c.obj
                0x080089f0                APBPrescTable
 .rodata.flagBitshiftOffset.0
                0x080089f8        0x8 cmake/stm32cubemx/CMakeFiles/STM32_Drivers.dir/__/__/Drivers/STM32F4xx_HAL_Driver/Src/stm32f4xx_hal_dma.c.obj
                0x08008a00                        . = ALIGN (0x4)

.ARM.extab      0x08008a00        0x0
                0x08008a00                        . = ALIGN (0x4)
 *(.ARM.extab* .gnu.linkonce.armextab.*)
                0x08008a00                        . = ALIGN (0x4)

.ARM            0x08008a00        0x8
                0x08008a00                        . = ALIGN (0x4)
                0x08008a00                        __exidx_start = .
 *(.ARM.exidx*)
 .ARM.exidx     0x08008a00        0x8 /usr/lib/gcc/arm-none-eabi/13.2.1/thumb/v7e-m+fp/hard/libgcc.a(_udivmoddi4.o)
 .ARM.exidx     0x08008a08        0x0 /usr/lib/gcc/arm-none-eabi/13.2.1/../../../arm-none-eabi/lib/thumb/v7e-m+fp/hard/libg_nano.a(libc_a-memcpy.o)
                                  0x8 (size before relaxing)
                0x08008a08                        __exidx_end = .
                0x08008a08                        . = ALIGN (0x4)

.preinit_array  0x08008a08        0x0
                0x08008a08                        . = ALIGN (0x4)
                0x08008a08                        PROVIDE (__preinit_array_start = .)
 *(.preinit_array*)
                0x08008a08                        PROVIDE (__preinit_array_end = .)
                0x08008a08                        . = ALIGN (0x4)

.init_array     0x08008a08        0x8
                0x08008a08                        . = ALIGN (0x4)
                0x08008a08                        PROVIDE (__init_array_start = .)
 *(SORT_BY_NAME(.init_array.*))
 *(.init_array*)
 .init_array    0x08008a08        0x4 /usr/lib/gcc/arm-none-eabi/13.2.1/thumb/v7e-m+fp/hard/crtbegin.o
 .init_array    0x08008a0c        0x4 CMakeFiles/gslam.dir/App/Src/app_entry.cpp.obj
                0x08008a10                        PROVIDE (__init_array_end = .)
                0x08008a10                        . = ALIGN (0x4)

.fini_array     0x08008a10        0x4
                0x08008a10                        . = ALIGN (0x4)
                0x08008a10                        PROVIDE (__fini_array_start = .)
 *(SORT_BY_NAME(.fini_array.*))
 *(.fini_array*)
 .fini_array    0x08008a10        0x4 /usr/lib/gcc/arm-none-eabi/13.2.1/thumb/v7e-m+fp/hard/crtbegin.o
                0x08008a14                        PROVIDE (__fini_array_end = .)
                0x08008a14                        . = ALIGN (0x4)
                0x08008a14                        _siccmram = LOADADDR (.ccmram)

.rel.dyn        0x08008a14        0x0
 .rel.iplt      0x08008a14        0x0 /usr/lib/gcc/arm-none-eabi/13.2.1/thumb/v7e-m+fp/hard/crtbegin.o

.ccmram         0x10000000        0x0 load address 0x08008a14
                0x10000000                        . = ALIGN (0x4)
                0x10000000                        _sccmram = .
 *(.ccmram)
 *(.ccmram*)
                0x10000000                        . = ALIGN (0x4)
                0x10000000                        _eccmram = .
                0x08008a14                        _sidata = LOADADDR (.data)

.data           0x20000000        0xc load address 0x08008a14
                0x20000000                        . = ALIGN (0x4)
                0x20000000                        _sdata = .
 *(.data)
 *(.data*)
 .data.SystemCoreClock
                0x20000000        0x4 cmake/stm32cubemx/CMakeFiles/STM32_Drivers.dir/__/__/Core/Src/system_stm32f4xx.c.obj
                0x20000000                SystemCoreClock
 .data.uwTickPrio
                0x20000004        0x4 cmake/stm32cubemx/CMakeFiles/STM32_Drivers.dir/__/__/Drivers/STM32F4xx_HAL_Driver/Src/stm32f4xx_hal.c.obj
                0x20000004                uwTickPrio
 .data.uwTickFreq
                0x20000008        0x1 cmake/stm32cubemx/CMakeFiles/STM32_Drivers.dir/__/__/Drivers/STM32F4xx_HAL_Driver/Src/stm32f4xx_hal.c.obj
                0x20000008                uwTickFreq
 *(.RamFunc)
 *(.RamFunc*)
                0x2000000c                        . = ALIGN (0x4)
 *fill*         0x20000009        0x3 

.tm_clone_table
                0x2000000c        0x0 load address 0x08008a20
 .tm_clone_table
                0x2000000c        0x0 /usr/lib/gcc/arm-none-eabi/13.2.1/thumb/v7e-m+fp/hard/crtbegin.o
 .tm_clone_table
                0x2000000c        0x0 /usr/lib/gcc/arm-none-eabi/13.2.1/thumb/v7e-m+fp/hard/crtend.o

.igot.plt       0x2000000c        0x0 load address 0x08008a20
 .igot.plt      0x2000000c        0x0 /usr/lib/gcc/arm-none-eabi/13.2.1/thumb/v7e-m+fp/hard/crtbegin.o

.tdata          0x2000000c        0x0 load address 0x08008a20
 *(.tdata .tdata.* .gnu.linkonce.td.*)
                0x2000000c                        . = ALIGN (0x4)
                0x2000000c                        _edata = .
                [!provide]                        PROVIDE (__data_end = .)
                [!provide]                        PROVIDE (__tdata_end = .)
                [!provide]                        PROVIDE (__tdata_start = ADDR (.tdata))
                [!provide]                        PROVIDE (__tdata_size = (__tdata_end - __tdata_start))
                [!provide]                        PROVIDE (__data_start = ADDR (.data))
                [!provide]                        PROVIDE (__data_size = (__data_end - __data_start))
                [!provide]                        PROVIDE (__tdata_source = LOADADDR (.tdata))
                [!provide]                        PROVIDE (__tdata_source_end = (LOADADDR (.tdata) + SIZEOF (.tdata)))
                [!provide]                        PROVIDE (__tdata_source_size = (__tdata_source_end - __tdata_source))
                [!provide]                        PROVIDE (__data_source = LOADADDR (.data))
                [!provide]                        PROVIDE (__data_source_end = __tdata_source_end)
                [!provide]                        PROVIDE (__data_source_size = (__data_source_end - __data_source))

.tbss           0x2000000c        0x0 load address 0x08008a20
                0x2000000c                        _sbss = .
                0x2000000c                        __bss_start__ = _sbss
 *(.tbss .tbss.*)
                0x2000000c                        . = ALIGN (0x4)
                [!provide]                        PROVIDE (__tbss_end = .)
                [!provide]                        PROVIDE (__tbss_start = ADDR (.tbss))
                [!provide]                        PROVIDE (__tbss_size = (__tbss_end - __tbss_start))
                [!provide]                        PROVIDE (__tbss_offset = (ADDR (.tbss) - ADDR (.tdata)))
                [!provide]                        PROVIDE (__tls_base = __tdata_start)
                [!provide]                        PROVIDE (__tls_end = __tbss_end)
                [!provide]                        PROVIDE (__tls_size = (__tls_end - __tls_base))
                [!provide]                        PROVIDE (__tls_align = MAX (ALIGNOF (.tdata), ALIGNOF (.tbss)))
                [!provide]                        PROVIDE (__tls_size_align = (((__tls_size + __tls_align) - 0x1) & ~ ((__tls_align - 0x1))))
                [!provide]                        PROVIDE (__arm32_tls_tcb_offset = MAX (0x8, __tls_align))
                [!provide]                        PROVIDE (__arm64_tls_tcb_offset = MAX (0x10, __tls_align))

.bss            0x2000000c      0x4e4 load address 0x08008a20
 *(.bss)
 .bss           0x2000000c       0x1c /usr/lib/gcc/arm-none-eabi/13.2.1/thumb/v7e-m+fp/hard/crtbegin.o
 *(.bss*)
 .bss.uwTick    0x20000028        0x4 cmake/stm32cubemx/CMakeFiles/STM32_Drivers.dir/__/__/Drivers/STM32F4xx_HAL_Driver/Src/stm32f4xx_hal.c.obj
                0x20000028                uwTick
 .bss.hi2c1     0x2000002c       0x54 CMakeFiles/gslam.dir/Core/Src/i2c.c.obj
                0x2000002c                hi2c1
 .bss.htim1     0x20000080       0x48 CMakeFiles/gslam.dir/Core/Src/tim.c.obj
                0x20000080                htim1
 .bss.htim2     0x200000c8       0x48 CMakeFiles/gslam.dir/Core/Src/tim.c.obj
                0x200000c8                htim2
 .bss.htim5     0x20000110       0x48 CMakeFiles/gslam.dir/Core/Src/tim.c.obj
                0x20000110                htim5
 .bss.htim6     0x20000158       0x48 CMakeFiles/gslam.dir/Core/Src/tim.c.obj
                0x20000158                htim6
 .bss.huart1    0x200001a0       0x48 CMakeFiles/gslam.dir/Core/Src/usart.c.obj
                0x200001a0                huart1
 .bss.hdma_usart1_rx
                0x200001e8       0x60 CMakeFiles/gslam.dir/Core/Src/usart.c.obj
                0x200001e8                hdma_usart1_rx
 .bss.hdma_usart1_tx
                0x20000248       0x60 CMakeFiles/gslam.dir/Core/Src/usart.c.obj
                0x20000248                hdma_usart1_tx
 .bss.g_rx_dma_buffer
                0x200002a8       0x40 CMakeFiles/gslam.dir/BSP/Src/bsp_uart.c.obj
 .bss.g_rx_ring_buffer
                0x200002e8      0x100 CMakeFiles/gslam.dir/BSP/Src/bsp_uart.c.obj
 .bss.g_tx_buffer
                0x200003e8       0x40 CMakeFiles/gslam.dir/BSP/Src/bsp_uart.c.obj
 .bss.g_rx_dma_read_index
                0x20000428        0x2 CMakeFiles/gslam.dir/BSP/Src/bsp_uart.c.obj
 .bss.g_rx_ring_head
                0x2000042a        0x2 CMakeFiles/gslam.dir/BSP/Src/bsp_uart.c.obj
 .bss.g_rx_ring_tail
                0x2000042c        0x2 CMakeFiles/gslam.dir/BSP/Src/bsp_uart.c.obj
 .bss.g_tx_busy
                0x2000042e        0x1 CMakeFiles/gslam.dir/BSP/Src/bsp_uart.c.obj
 *fill*         0x2000042f        0x1 
 .bss._ZN12_GLOBAL__N_15g_appE
                0x20000430       0xc0 CMakeFiles/gslam.dir/App/Src/app_entry.cpp.obj
 *(COMMON)
                0x200004f0                        . = ALIGN (0x4)
                0x200004f0                        _ebss = .
                0x200004f0                        __bss_end__ = _ebss
                [!provide]                        PROVIDE (__bss_end = .)
                [!provide]                        PROVIDE (__non_tls_bss_start = ADDR (.bss))
                [!provide]                        PROVIDE (__bss_start = __tbss_start)
                [!provide]                        PROVIDE (__bss_size = (__bss_end - __bss_start))

._user_heap_stack
                0x200004f0      0x600 load address 0x08008a20
                0x200004f0                        . = ALIGN (0x8)
                [!provide]                        PROVIDE (end = .)
                0x200004f0                        PROVIDE (_end = .)
                0x200006f0                        . = (. + _Min_Heap_Size)
 *fill*         0x200004f0      0x200 
                0x20000af0                        . = (. + _Min_Stack_Size)
 *fill*         0x200006f0      0x400 
                0x20000af0                        . = ALIGN (0x8)

/DISCARD/
 libc.a:*(*)
 libm.a:*(*)
 libgcc.a:*(*)
OUTPUT(gslam.elf elf32-littlearm)
LOAD linker stubs

.ARM.attributes
                0x00000000       0x30
 .ARM.attributes
                0x00000000       0x22 /usr/lib/gcc/arm-none-eabi/13.2.1/thumb/v7e-m+fp/hard/crti.o
 .ARM.attributes
                0x00000022       0x34 /usr/lib/gcc/arm-none-eabi/13.2.1/thumb/v7e-m+fp/hard/crtbegin.o
 .ARM.attributes
                0x00000056       0x34 cmake/stm32cubemx/CMakeFiles/STM32_Drivers.dir/__/__/Core/Src/system_stm32f4xx.c.obj
 .ARM.attributes
                0x0000008a       0x34 cmake/stm32cubemx/CMakeFiles/STM32_Drivers.dir/__/__/Drivers/STM32F4xx_HAL_Driver/Src/stm32f4xx_hal_rcc.c.obj
 .ARM.attributes
                0x000000be       0x34 cmake/stm32cubemx/CMakeFiles/STM32_Drivers.dir/__/__/Drivers/STM32F4xx_HAL_Driver/Src/stm32f4xx_hal_gpio.c.obj
 .ARM.attributes
                0x000000f2       0x34 cmake/stm32cubemx/CMakeFiles/STM32_Drivers.dir/__/__/Drivers/STM32F4xx_HAL_Driver/Src/stm32f4xx_hal_dma.c.obj
 .ARM.attributes
                0x00000126       0x34 cmake/stm32cubemx/CMakeFiles/STM32_Drivers.dir/__/__/Drivers/STM32F4xx_HAL_Driver/Src/stm32f4xx_hal_cortex.c.obj
 .ARM.attributes
                0x0000015a       0x34 cmake/stm32cubemx/CMakeFiles/STM32_Drivers.dir/__/__/Drivers/STM32F4xx_HAL_Driver/Src/stm32f4xx_hal.c.obj
 .ARM.attributes
                0x0000018e       0x34 cmake/stm32cubemx/CMakeFiles/STM32_Drivers.dir/__/__/Drivers/STM32F4xx_HAL_Driver/Src/stm32f4xx_hal_tim.c.obj
 .ARM.attributes
                0x000001c2       0x34 cmake/stm32cubemx/CMakeFiles/STM32_Drivers.dir/__/__/Drivers/STM32F4xx_HAL_Driver/Src/stm32f4xx_hal_tim_ex.c.obj
 .ARM.attributes
                0x000001f6       0x34 cmake/stm32cubemx/CMakeFiles/STM32_Drivers.dir/__/__/Drivers/STM32F4xx_HAL_Driver/Src/stm32f4xx_hal_i2c.c.obj
 .ARM.attributes
                0x0000022a       0x34 cmake/stm32cubemx/CMakeFiles/STM32_Drivers.dir/__/__/Drivers/STM32F4xx_HAL_Driver/Src/stm32f4xx_hal_uart.c.obj
 .ARM.attributes
                0x0000025e       0x34 CMakeFiles/gslam.dir/Core/Src/main.c.obj
 .ARM.attributes
                0x00000292       0x34 CMakeFiles/gslam.dir/Core/Src/dma.c.obj
 .ARM.attributes
                0x000002c6       0x34 CMakeFiles/gslam.dir/Core/Src/gpio.c.obj
 .ARM.attributes
                0x000002fa       0x34 CMakeFiles/gslam.dir/Core/Src/i2c.c.obj
 .ARM.attributes
                0x0000032e       0x34 CMakeFiles/gslam.dir/Core/Src/tim.c.obj
 .ARM.attributes
                0x00000362       0x34 CMakeFiles/gslam.dir/Core/Src/stm32f4xx_it.c.obj
 .ARM.attributes
                0x00000396       0x34 CMakeFiles/gslam.dir/Core/Src/stm32f4xx_hal_msp.c.obj
 .ARM.attributes
                0x000003ca       0x34 CMakeFiles/gslam.dir/Core/Src/usart.c.obj
 .ARM.attributes
                0x000003fe       0x21 CMakeFiles/gslam.dir/startup_stm32f407xx.s.obj
 .ARM.attributes
                0x0000041f       0x34 CMakeFiles/gslam.dir/BSP/Src/bsp_encoder.c.obj
 .ARM.attributes
                0x00000453       0x34 CMakeFiles/gslam.dir/BSP/Src/bsp_battery.c.obj
 .ARM.attributes
                0x00000487       0x34 CMakeFiles/gslam.dir/BSP/Src/bsp_motor.c.obj
 .ARM.attributes
                0x000004bb       0x34 CMakeFiles/gslam.dir/BSP/Src/bsp_time.c.obj
 .ARM.attributes
                0x000004ef       0x34 CMakeFiles/gslam.dir/BSP/Src/bsp_uart.c.obj
 .ARM.attributes
                0x00000523       0x34 CMakeFiles/gslam.dir/App/Src/app_entry.cpp.obj
 .ARM.attributes
                0x00000557       0x34 CMakeFiles/gslam.dir/App/Src/drive_controller.cpp.obj
 .ARM.attributes
                0x0000058b       0x34 CMakeFiles/gslam.dir/App/Src/cmd_recv.cpp.obj
 .ARM.attributes
                0x000005bf       0x34 CMakeFiles/gslam.dir/App/Src/telem_transmit.cpp.obj
 .ARM.attributes
                0x000005f3       0x34 CMakeFiles/gslam.dir/App/Src/app.cpp.obj
 .ARM.attributes
                0x00000627       0x34 /usr/lib/gcc/arm-none-eabi/13.2.1/../../../arm-none-eabi/lib/thumb/v7e-m+fp/hard/libm.a(libm_a-sf_cos.o)
 .ARM.attributes
                0x0000065b       0x34 /usr/lib/gcc/arm-none-eabi/13.2.1/../../../arm-none-eabi/lib/thumb/v7e-m+fp/hard/libm.a(libm_a-kf_cos.o)
 .ARM.attributes
                0x0000068f       0x34 /usr/lib/gcc/arm-none-eabi/13.2.1/../../../arm-none-eabi/lib/thumb/v7e-m+fp/hard/libm.a(libm_a-sf_sin.o)
 .ARM.attributes
                0x000006c3       0x34 /usr/lib/gcc/arm-none-eabi/13.2.1/../../../arm-none-eabi/lib/thumb/v7e-m+fp/hard/libm.a(libm_a-kf_sin.o)
 .ARM.attributes
                0x000006f7       0x34 /usr/lib/gcc/arm-none-eabi/13.2.1/../../../arm-none-eabi/lib/thumb/v7e-m+fp/hard/libm.a(libm_a-ef_rem_pio2.o)
 .ARM.attributes
                0x0000072b       0x34 /usr/lib/gcc/arm-none-eabi/13.2.1/../../../arm-none-eabi/lib/thumb/v7e-m+fp/hard/libm.a(libm_a-sf_fabs.o)
 .ARM.attributes
                0x0000075f       0x34 /usr/lib/gcc/arm-none-eabi/13.2.1/../../../arm-none-eabi/lib/thumb/v7e-m+fp/hard/libm.a(libm_a-kf_rem_pio2.o)
 .ARM.attributes
                0x00000793       0x34 /usr/lib/gcc/arm-none-eabi/13.2.1/../../../arm-none-eabi/lib/thumb/v7e-m+fp/hard/libm.a(libm_a-sf_scalbn.o)
 .ARM.attributes
                0x000007c7       0x34 /usr/lib/gcc/arm-none-eabi/13.2.1/../../../arm-none-eabi/lib/thumb/v7e-m+fp/hard/libm.a(libm_a-sf_floor.o)
 .ARM.attributes
                0x000007fb       0x22 /usr/lib/gcc/arm-none-eabi/13.2.1/thumb/v7e-m+fp/hard/libgcc.a(_aeabi_uldivmod.o)
 .ARM.attributes
                0x0000081d       0x34 /usr/lib/gcc/arm-none-eabi/13.2.1/thumb/v7e-m+fp/hard/libgcc.a(_udivmoddi4.o)
 .ARM.attributes
                0x00000851       0x22 /usr/lib/gcc/arm-none-eabi/13.2.1/thumb/v7e-m+fp/hard/libgcc.a(_dvmd_tls.o)
 .ARM.attributes
                0x00000873       0x34 /usr/lib/gcc/arm-none-eabi/13.2.1/../../../arm-none-eabi/lib/thumb/v7e-m+fp/hard/libg_nano.a(libc_a-init.o)
 .ARM.attributes
                0x000008a7       0x34 /usr/lib/gcc/arm-none-eabi/13.2.1/../../../arm-none-eabi/lib/thumb/v7e-m+fp/hard/libg_nano.a(libc_a-memset.o)
 .ARM.attributes
                0x000008db       0x20 /usr/lib/gcc/arm-none-eabi/13.2.1/../../../arm-none-eabi/lib/thumb/v7e-m+fp/hard/libg_nano.a(libc_a-memcpy.o)
 .ARM.attributes
                0x000008fb       0x34 /usr/lib/gcc/arm-none-eabi/13.2.1/thumb/v7e-m+fp/hard/crtend.o
 .ARM.attributes
                0x0000092f       0x22 /usr/lib/gcc/arm-none-eabi/13.2.1/thumb/v7e-m+fp/hard/crtn.o

.comment        0x00000000       0x26
 .comment       0x00000000       0x26 /usr/lib/gcc/arm-none-eabi/13.2.1/thumb/v7e-m+fp/hard/crtbegin.o
                                 0x27 (size before relaxing)
 .comment       0x00000026       0x27 cmake/stm32cubemx/CMakeFiles/STM32_Drivers.dir/__/__/Core/Src/system_stm32f4xx.c.obj
 .comment       0x00000026       0x27 cmake/stm32cubemx/CMakeFiles/STM32_Drivers.dir/__/__/Drivers/STM32F4xx_HAL_Driver/Src/stm32f4xx_hal_rcc.c.obj
 .comment       0x00000026       0x27 cmake/stm32cubemx/CMakeFiles/STM32_Drivers.dir/__/__/Drivers/STM32F4xx_HAL_Driver/Src/stm32f4xx_hal_gpio.c.obj
 .comment       0x00000026       0x27 cmake/stm32cubemx/CMakeFiles/STM32_Drivers.dir/__/__/Drivers/STM32F4xx_HAL_Driver/Src/stm32f4xx_hal_dma.c.obj
 .comment       0x00000026       0x27 cmake/stm32cubemx/CMakeFiles/STM32_Drivers.dir/__/__/Drivers/STM32F4xx_HAL_Driver/Src/stm32f4xx_hal_cortex.c.obj
 .comment       0x00000026       0x27 cmake/stm32cubemx/CMakeFiles/STM32_Drivers.dir/__/__/Drivers/STM32F4xx_HAL_Driver/Src/stm32f4xx_hal.c.obj
 .comment       0x00000026       0x27 cmake/stm32cubemx/CMakeFiles/STM32_Drivers.dir/__/__/Drivers/STM32F4xx_HAL_Driver/Src/stm32f4xx_hal_tim.c.obj
 .comment       0x00000026       0x27 cmake/stm32cubemx/CMakeFiles/STM32_Drivers.dir/__/__/Drivers/STM32F4xx_HAL_Driver/Src/stm32f4xx_hal_tim_ex.c.obj
 .comment       0x00000026       0x27 cmake/stm32cubemx/CMakeFiles/STM32_Drivers.dir/__/__/Drivers/STM32F4xx_HAL_Driver/Src/stm32f4xx_hal_i2c.c.obj
 .comment       0x00000026       0x27 cmake/stm32cubemx/CMakeFiles/STM32_Drivers.dir/__/__/Drivers/STM32F4xx_HAL_Driver/Src/stm32f4xx_hal_uart.c.obj
 .comment       0x00000026       0x27 CMakeFiles/gslam.dir/Core/Src/main.c.obj
 .comment       0x00000026       0x27 CMakeFiles/gslam.dir/Core/Src/dma.c.obj
 .comment       0x00000026       0x27 CMakeFiles/gslam.dir/Core/Src/gpio.c.obj
 .comment       0x00000026       0x27 CMakeFiles/gslam.dir/Core/Src/i2c.c.obj
 .comment       0x00000026       0x27 CMakeFiles/gslam.dir/Core/Src/tim.c.obj
 .comment       0x00000026       0x27 CMakeFiles/gslam.dir/Core/Src/stm32f4xx_it.c.obj
 .comment       0x00000026       0x27 CMakeFiles/gslam.dir/Core/Src/stm32f4xx_hal_msp.c.obj
 .comment       0x00000026       0x27 CMakeFiles/gslam.dir/Core/Src/usart.c.obj
 .comment       0x00000026       0x27 CMakeFiles/gslam.dir/BSP/Src/bsp_encoder.c.obj
 .comment       0x00000026       0x27 CMakeFiles/gslam.dir/BSP/Src/bsp_battery.c.obj
 .comment       0x00000026       0x27 CMakeFiles/gslam.dir/BSP/Src/bsp_motor.c.obj
 .comment       0x00000026       0x27 CMakeFiles/gslam.dir/BSP/Src/bsp_time.c.obj
 .comment       0x00000026       0x27 CMakeFiles/gslam.dir/BSP/Src/bsp_uart.c.obj
 .comment       0x00000026       0x27 CMakeFiles/gslam.dir/App/Src/app_entry.cpp.obj
 .comment       0x00000026       0x27 CMakeFiles/gslam.dir/App/Src/drive_controller.cpp.obj
 .comment       0x00000026       0x27 CMakeFiles/gslam.dir/App/Src/cmd_recv.cpp.obj
 .comment       0x00000026       0x27 CMakeFiles/gslam.dir/App/Src/telem_transmit.cpp.obj
 .comment       0x00000026       0x27 CMakeFiles/gslam.dir/App/Src/app.cpp.obj
 .comment       0x00000026       0x27 /usr/lib/gcc/arm-none-eabi/13.2.1/../../../arm-none-eabi/lib/thumb/v7e-m+fp/hard/libm.a(libm_a-sf_cos.o)
 .comment       0x00000026       0x27 /usr/lib/gcc/arm-none-eabi/13.2.1/../../../arm-none-eabi/lib/thumb/v7e-m+fp/hard/libm.a(libm_a-kf_cos.o)
 .comment       0x00000026       0x27 /usr/lib/gcc/arm-none-eabi/13.2.1/../../../arm-none-eabi/lib/thumb/v7e-m+fp/hard/libm.a(libm_a-sf_sin.o)
 .comment       0x00000026       0x27 /usr/lib/gcc/arm-none-eabi/13.2.1/../../../arm-none-eabi/lib/thumb/v7e-m+fp/hard/libm.a(libm_a-kf_sin.o)
 .comment       0x00000026       0x27 /usr/lib/gcc/arm-none-eabi/13.2.1/../../../arm-none-eabi/lib/thumb/v7e-m+fp/hard/libm.a(libm_a-ef_rem_pio2.o)
 .comment       0x00000026       0x27 /usr/lib/gcc/arm-none-eabi/13.2.1/../../../arm-none-eabi/lib/thumb/v7e-m+fp/hard/libm.a(libm_a-sf_fabs.o)
 .comment       0x00000026       0x27 /usr/lib/gcc/arm-none-eabi/13.2.1/../../../arm-none-eabi/lib/thumb/v7e-m+fp/hard/libm.a(libm_a-kf_rem_pio2.o)
 .comment       0x00000026       0x27 /usr/lib/gcc/arm-none-eabi/13.2.1/../../../arm-none-eabi/lib/thumb/v7e-m+fp/hard/libm.a(libm_a-sf_scalbn.o)
 .comment       0x00000026       0x27 /usr/lib/gcc/arm-none-eabi/13.2.1/../../../arm-none-eabi/lib/thumb/v7e-m+fp/hard/libm.a(libm_a-sf_floor.o)
 .comment       0x00000026       0x27 /usr/lib/gcc/arm-none-eabi/13.2.1/thumb/v7e-m+fp/hard/libgcc.a(_udivmoddi4.o)
 .comment       0x00000026       0x27 /usr/lib/gcc/arm-none-eabi/13.2.1/../../../arm-none-eabi/lib/thumb/v7e-m+fp/hard/libg_nano.a(libc_a-init.o)
 .comment       0x00000026       0x27 /usr/lib/gcc/arm-none-eabi/13.2.1/../../../arm-none-eabi/lib/thumb/v7e-m+fp/hard/libg_nano.a(libc_a-memset.o)
 .comment       0x00000026       0x27 /usr/lib/gcc/arm-none-eabi/13.2.1/thumb/v7e-m+fp/hard/crtend.o

.debug_info     0x00000000    0x19aa6
 .debug_info    0x00000000      0x4f8 cmake/stm32cubemx/CMakeFiles/STM32_Drivers.dir/__/__/Core/Src/system_stm32f4xx.c.obj
 .debug_info    0x000004f8      0x893 cmake/stm32cubemx/CMakeFiles/STM32_Drivers.dir/__/__/Drivers/STM32F4xx_HAL_Driver/Src/stm32f4xx_hal_rcc.c.obj
 .debug_info    0x00000d8b      0x69f cmake/stm32cubemx/CMakeFiles/STM32_Drivers.dir/__/__/Drivers/STM32F4xx_HAL_Driver/Src/stm32f4xx_hal_gpio.c.obj
 .debug_info    0x0000142a      0x8cf cmake/stm32cubemx/CMakeFiles/STM32_Drivers.dir/__/__/Drivers/STM32F4xx_HAL_Driver/Src/stm32f4xx_hal_dma.c.obj
 .debug_info    0x00001cf9      0xd68 cmake/stm32cubemx/CMakeFiles/STM32_Drivers.dir/__/__/Drivers/STM32F4xx_HAL_Driver/Src/stm32f4xx_hal_cortex.c.obj
 .debug_info    0x00002a61      0x938 cmake/stm32cubemx/CMakeFiles/STM32_Drivers.dir/__/__/Drivers/STM32F4xx_HAL_Driver/Src/stm32f4xx_hal.c.obj
 .debug_info    0x00003399     0x2985 cmake/stm32cubemx/CMakeFiles/STM32_Drivers.dir/__/__/Drivers/STM32F4xx_HAL_Driver/Src/stm32f4xx_hal_tim.c.obj
 .debug_info    0x00005d1e     0x14c3 cmake/stm32cubemx/CMakeFiles/STM32_Drivers.dir/__/__/Drivers/STM32F4xx_HAL_Driver/Src/stm32f4xx_hal_tim_ex.c.obj
 .debug_info    0x000071e1     0x23f1 cmake/stm32cubemx/CMakeFiles/STM32_Drivers.dir/__/__/Drivers/STM32F4xx_HAL_Driver/Src/stm32f4xx_hal_i2c.c.obj
 .debug_info    0x000095d2     0x2f1f cmake/stm32cubemx/CMakeFiles/STM32_Drivers.dir/__/__/Drivers/STM32F4xx_HAL_Driver/Src/stm32f4xx_hal_uart.c.obj
 .debug_info    0x0000c4f1      0xd56 CMakeFiles/gslam.dir/Core/Src/main.c.obj
 .debug_info    0x0000d247      0x4a1 CMakeFiles/gslam.dir/Core/Src/dma.c.obj
 .debug_info    0x0000d6e8      0x3f1 CMakeFiles/gslam.dir/Core/Src/gpio.c.obj
 .debug_info    0x0000dad9      0x944 CMakeFiles/gslam.dir/Core/Src/i2c.c.obj
 .debug_info    0x0000e41d     0x1179 CMakeFiles/gslam.dir/Core/Src/tim.c.obj
 .debug_info    0x0000f596      0x9b6 CMakeFiles/gslam.dir/Core/Src/stm32f4xx_it.c.obj
 .debug_info    0x0000ff4c      0x25d CMakeFiles/gslam.dir/Core/Src/stm32f4xx_hal_msp.c.obj
 .debug_info    0x000101a9      0xbb4 CMakeFiles/gslam.dir/Core/Src/usart.c.obj
 .debug_info    0x00010d5d       0x30 CMakeFiles/gslam.dir/startup_stm32f407xx.s.obj
 .debug_info    0x00010d8d      0x6b4 CMakeFiles/gslam.dir/BSP/Src/bsp_encoder.c.obj
 .debug_info    0x00011441      0x7fd CMakeFiles/gslam.dir/BSP/Src/bsp_battery.c.obj
 .debug_info    0x00011c3e      0x858 CMakeFiles/gslam.dir/BSP/Src/bsp_motor.c.obj
 .debug_info    0x00012496      0x6c4 CMakeFiles/gslam.dir/BSP/Src/bsp_time.c.obj
 .debug_info    0x00012b5a      0x7a5 CMakeFiles/gslam.dir/BSP/Src/bsp_uart.c.obj
 .debug_info    0x000132ff     0x112b CMakeFiles/gslam.dir/App/Src/app_entry.cpp.obj
 .debug_info    0x0001442a      0xfa7 CMakeFiles/gslam.dir/App/Src/drive_controller.cpp.obj
 .debug_info    0x000153d1      0xd2e CMakeFiles/gslam.dir/App/Src/cmd_recv.cpp.obj
 .debug_info    0x000160ff      0x9b0 CMakeFiles/gslam.dir/App/Src/telem_transmit.cpp.obj
 .debug_info    0x00016aaf     0x114d CMakeFiles/gslam.dir/App/Src/app.cpp.obj
 .debug_info    0x00017bfc      0x215 /usr/lib/gcc/arm-none-eabi/13.2.1/../../../arm-none-eabi/lib/thumb/v7e-m+fp/hard/libm.a(libm_a-sf_cos.o)
 .debug_info    0x00017e11      0x20e /usr/lib/gcc/arm-none-eabi/13.2.1/../../../arm-none-eabi/lib/thumb/v7e-m+fp/hard/libm.a(libm_a-kf_cos.o)
 .debug_info    0x0001801f      0x228 /usr/lib/gcc/arm-none-eabi/13.2.1/../../../arm-none-eabi/lib/thumb/v7e-m+fp/hard/libm.a(libm_a-sf_sin.o)
 .debug_info    0x00018247      0x1e0 /usr/lib/gcc/arm-none-eabi/13.2.1/../../../arm-none-eabi/lib/thumb/v7e-m+fp/hard/libm.a(libm_a-kf_sin.o)
 .debug_info    0x00018427      0x3fd /usr/lib/gcc/arm-none-eabi/13.2.1/../../../arm-none-eabi/lib/thumb/v7e-m+fp/hard/libm.a(libm_a-ef_rem_pio2.o)
 .debug_info    0x00018824      0x13e /usr/lib/gcc/arm-none-eabi/13.2.1/../../../arm-none-eabi/lib/thumb/v7e-m+fp/hard/libm.a(libm_a-sf_fabs.o)
 .debug_info    0x00018962      0x3e7 /usr/lib/gcc/arm-none-eabi/13.2.1/../../../arm-none-eabi/lib/thumb/v7e-m+fp/hard/libm.a(libm_a-kf_rem_pio2.o)
 .debug_info    0x00018d49      0x20b /usr/lib/gcc/arm-none-eabi/13.2.1/../../../arm-none-eabi/lib/thumb/v7e-m+fp/hard/libm.a(libm_a-sf_scalbn.o)
 .debug_info    0x00018f54      0x18a /usr/lib/gcc/arm-none-eabi/13.2.1/../../../arm-none-eabi/lib/thumb/v7e-m+fp/hard/libm.a(libm_a-sf_floor.o)
 .debug_info    0x000190de       0x24 /usr/lib/gcc/arm-none-eabi/13.2.1/thumb/v7e-m+fp/hard/libgcc.a(_aeabi_uldivmod.o)
 .debug_info    0x00019102      0x6f5 /usr/lib/gcc/arm-none-eabi/13.2.1/thumb/v7e-m+fp/hard/libgcc.a(_udivmoddi4.o)
 .debug_info    0x000197f7       0x3c /usr/lib/gcc/arm-none-eabi/13.2.1/thumb/v7e-m+fp/hard/libgcc.a(_dvmd_tls.o)
 .debug_info    0x00019833      0x10b /usr/lib/gcc/arm-none-eabi/13.2.1/../../../arm-none-eabi/lib/thumb/v7e-m+fp/hard/libg_nano.a(libc_a-init.o)
 .debug_info    0x0001993e      0x135 /usr/lib/gcc/arm-none-eabi/13.2.1/../../../arm-none-eabi/lib/thumb/v7e-m+fp/hard/libg_nano.a(libc_a-memset.o)
 .debug_info    0x00019a73       0x33 /usr/lib/gcc/arm-none-eabi/13.2.1/../../../arm-none-eabi/lib/thumb/v7e-m+fp/hard/libg_nano.a(libc_a-memcpy.o)

.debug_abbrev   0x00000000     0x4d64
 .debug_abbrev  0x00000000      0x11b cmake/stm32cubemx/CMakeFiles/STM32_Drivers.dir/__/__/Core/Src/system_stm32f4xx.c.obj
 .debug_abbrev  0x0000011b      0x2b7 cmake/stm32cubemx/CMakeFiles/STM32_Drivers.dir/__/__/Drivers/STM32F4xx_HAL_Driver/Src/stm32f4xx_hal_rcc.c.obj
 .debug_abbrev  0x000003d2      0x1d4 cmake/stm32cubemx/CMakeFiles/STM32_Drivers.dir/__/__/Drivers/STM32F4xx_HAL_Driver/Src/stm32f4xx_hal_gpio.c.obj
 .debug_abbrev  0x000005a6      0x264 cmake/stm32cubemx/CMakeFiles/STM32_Drivers.dir/__/__/Drivers/STM32F4xx_HAL_Driver/Src/stm32f4xx_hal_dma.c.obj
 .debug_abbrev  0x0000080a      0x31d cmake/stm32cubemx/CMakeFiles/STM32_Drivers.dir/__/__/Drivers/STM32F4xx_HAL_Driver/Src/stm32f4xx_hal_cortex.c.obj
 .debug_abbrev  0x00000b27      0x214 cmake/stm32cubemx/CMakeFiles/STM32_Drivers.dir/__/__/Drivers/STM32F4xx_HAL_Driver/Src/stm32f4xx_hal.c.obj
 .debug_abbrev  0x00000d3b      0x278 cmake/stm32cubemx/CMakeFiles/STM32_Drivers.dir/__/__/Drivers/STM32F4xx_HAL_Driver/Src/stm32f4xx_hal_tim.c.obj
 .debug_abbrev  0x00000fb3      0x283 cmake/stm32cubemx/CMakeFiles/STM32_Drivers.dir/__/__/Drivers/STM32F4xx_HAL_Driver/Src/stm32f4xx_hal_tim_ex.c.obj
 .debug_abbrev  0x00001236      0x2ad cmake/stm32cubemx/CMakeFiles/STM32_Drivers.dir/__/__/Drivers/STM32F4xx_HAL_Driver/Src/stm32f4xx_hal_i2c.c.obj
 .debug_abbrev  0x000014e3      0x30e cmake/stm32cubemx/CMakeFiles/STM32_Drivers.dir/__/__/Drivers/STM32F4xx_HAL_Driver/Src/stm32f4xx_hal_uart.c.obj
 .debug_abbrev  0x000017f1      0x229 CMakeFiles/gslam.dir/Core/Src/main.c.obj
 .debug_abbrev  0x00001a1a      0x10e CMakeFiles/gslam.dir/Core/Src/dma.c.obj
 .debug_abbrev  0x00001b28      0x152 CMakeFiles/gslam.dir/Core/Src/gpio.c.obj
 .debug_abbrev  0x00001c7a      0x1f1 CMakeFiles/gslam.dir/Core/Src/i2c.c.obj
 .debug_abbrev  0x00001e6b      0x26e CMakeFiles/gslam.dir/Core/Src/tim.c.obj
 .debug_abbrev  0x000020d9      0x19a CMakeFiles/gslam.dir/Core/Src/stm32f4xx_it.c.obj
 .debug_abbrev  0x00002273       0xd8 CMakeFiles/gslam.dir/Core/Src/stm32f4xx_hal_msp.c.obj
 .debug_abbrev  0x0000234b      0x22e CMakeFiles/gslam.dir/Core/Src/usart.c.obj
 .debug_abbrev  0x00002579       0x24 CMakeFiles/gslam.dir/startup_stm32f407xx.s.obj
 .debug_abbrev  0x0000259d      0x183 CMakeFiles/gslam.dir/BSP/Src/bsp_encoder.c.obj
 .debug_abbrev  0x00002720      0x204 CMakeFiles/gslam.dir/BSP/Src/bsp_battery.c.obj
 .debug_abbrev  0x00002924      0x1eb CMakeFiles/gslam.dir/BSP/Src/bsp_motor.c.obj
 .debug_abbrev  0x00002b0f      0x1c8 CMakeFiles/gslam.dir/BSP/Src/bsp_time.c.obj
 .debug_abbrev  0x00002cd7      0x228 CMakeFiles/gslam.dir/BSP/Src/bsp_uart.c.obj
 .debug_abbrev  0x00002eff      0x3ae CMakeFiles/gslam.dir/App/Src/app_entry.cpp.obj
 .debug_abbrev  0x000032ad      0x3d3 CMakeFiles/gslam.dir/App/Src/drive_controller.cpp.obj
 .debug_abbrev  0x00003680      0x342 CMakeFiles/gslam.dir/App/Src/cmd_recv.cpp.obj
 .debug_abbrev  0x000039c2      0x239 CMakeFiles/gslam.dir/App/Src/telem_transmit.cpp.obj
 .debug_abbrev  0x00003bfb      0x37c CMakeFiles/gslam.dir/App/Src/app.cpp.obj
 .debug_abbrev  0x00003f77      0x15a /usr/lib/gcc/arm-none-eabi/13.2.1/../../../arm-none-eabi/lib/thumb/v7e-m+fp/hard/libm.a(libm_a-sf_cos.o)
 .debug_abbrev  0x000040d1      0x100 /usr/lib/gcc/arm-none-eabi/13.2.1/../../../arm-none-eabi/lib/thumb/v7e-m+fp/hard/libm.a(libm_a-kf_cos.o)
 .debug_abbrev  0x000041d1      0x151 /usr/lib/gcc/arm-none-eabi/13.2.1/../../../arm-none-eabi/lib/thumb/v7e-m+fp/hard/libm.a(libm_a-sf_sin.o)
 .debug_abbrev  0x00004322      0x107 /usr/lib/gcc/arm-none-eabi/13.2.1/../../../arm-none-eabi/lib/thumb/v7e-m+fp/hard/libm.a(libm_a-kf_sin.o)
 .debug_abbrev  0x00004429      0x194 /usr/lib/gcc/arm-none-eabi/13.2.1/../../../arm-none-eabi/lib/thumb/v7e-m+fp/hard/libm.a(libm_a-ef_rem_pio2.o)
 .debug_abbrev  0x000045bd       0xd4 /usr/lib/gcc/arm-none-eabi/13.2.1/../../../arm-none-eabi/lib/thumb/v7e-m+fp/hard/libm.a(libm_a-sf_fabs.o)
 .debug_abbrev  0x00004691      0x169 /usr/lib/gcc/arm-none-eabi/13.2.1/../../../arm-none-eabi/lib/thumb/v7e-m+fp/hard/libm.a(libm_a-kf_rem_pio2.o)
 .debug_abbrev  0x000047fa      0x125 /usr/lib/gcc/arm-none-eabi/13.2.1/../../../arm-none-eabi/lib/thumb/v7e-m+fp/hard/libm.a(libm_a-sf_scalbn.o)
 .debug_abbrev  0x0000491f       0xf9 /usr/lib/gcc/arm-none-eabi/13.2.1/../../../arm-none-eabi/lib/thumb/v7e-m+fp/hard/libm.a(libm_a-sf_floor.o)
 .debug_abbrev  0x00004a18       0x14 /usr/lib/gcc/arm-none-eabi/13.2.1/thumb/v7e-m+fp/hard/libgcc.a(_aeabi_uldivmod.o)
 .debug_abbrev  0x00004a2c      0x16a /usr/lib/gcc/arm-none-eabi/13.2.1/thumb/v7e-m+fp/hard/libgcc.a(_udivmoddi4.o)
 .debug_abbrev  0x00004b96       0x26 /usr/lib/gcc/arm-none-eabi/13.2.1/thumb/v7e-m+fp/hard/libgcc.a(_dvmd_tls.o)
 .debug_abbrev  0x00004bbc       0xc9 /usr/lib/gcc/arm-none-eabi/13.2.1/../../../arm-none-eabi/lib/thumb/v7e-m+fp/hard/libg_nano.a(libc_a-init.o)
 .debug_abbrev  0x00004c85       0xb7 /usr/lib/gcc/arm-none-eabi/13.2.1/../../../arm-none-eabi/lib/thumb/v7e-m+fp/hard/libg_nano.a(libc_a-memset.o)
 .debug_abbrev  0x00004d3c       0x28 /usr/lib/gcc/arm-none-eabi/13.2.1/../../../arm-none-eabi/lib/thumb/v7e-m+fp/hard/libg_nano.a(libc_a-memcpy.o)

.debug_aranges  0x00000000     0x1488
 .debug_aranges
                0x00000000       0x28 cmake/stm32cubemx/CMakeFiles/STM32_Drivers.dir/__/__/Core/Src/system_stm32f4xx.c.obj
 .debug_aranges
                0x00000028       0x88 cmake/stm32cubemx/CMakeFiles/STM32_Drivers.dir/__/__/Drivers/STM32F4xx_HAL_Driver/Src/stm32f4xx_hal_rcc.c.obj
 .debug_aranges
                0x000000b0       0x58 cmake/stm32cubemx/CMakeFiles/STM32_Drivers.dir/__/__/Drivers/STM32F4xx_HAL_Driver/Src/stm32f4xx_hal_gpio.c.obj
 .debug_aranges
                0x00000108       0x90 cmake/stm32cubemx/CMakeFiles/STM32_Drivers.dir/__/__/Drivers/STM32F4xx_HAL_Driver/Src/stm32f4xx_hal_dma.c.obj
 .debug_aranges
                0x00000198      0x130 cmake/stm32cubemx/CMakeFiles/STM32_Drivers.dir/__/__/Drivers/STM32F4xx_HAL_Driver/Src/stm32f4xx_hal_cortex.c.obj
 .debug_aranges
                0x000002c8       0xf0 cmake/stm32cubemx/CMakeFiles/STM32_Drivers.dir/__/__/Drivers/STM32F4xx_HAL_Driver/Src/stm32f4xx_hal.c.obj
 .debug_aranges
                0x000003b8      0x3d0 cmake/stm32cubemx/CMakeFiles/STM32_Drivers.dir/__/__/Drivers/STM32F4xx_HAL_Driver/Src/stm32f4xx_hal_tim.c.obj
 .debug_aranges
                0x00000788      0x168 cmake/stm32cubemx/CMakeFiles/STM32_Drivers.dir/__/__/Drivers/STM32F4xx_HAL_Driver/Src/stm32f4xx_hal_tim_ex.c.obj
 .debug_aranges
                0x000008f0      0x2a8 cmake/stm32cubemx/CMakeFiles/STM32_Drivers.dir/__/__/Drivers/STM32F4xx_HAL_Driver/Src/stm32f4xx_hal_i2c.c.obj
 .debug_aranges
                0x00000b98      0x208 cmake/stm32cubemx/CMakeFiles/STM32_Drivers.dir/__/__/Drivers/STM32F4xx_HAL_Driver/Src/stm32f4xx_hal_uart.c.obj
 .debug_aranges
                0x00000da0       0x40 CMakeFiles/gslam.dir/Core/Src/main.c.obj
 .debug_aranges
                0x00000de0       0x20 CMakeFiles/gslam.dir/Core/Src/dma.c.obj
 .debug_aranges
                0x00000e00       0x20 CMakeFiles/gslam.dir/Core/Src/gpio.c.obj
 .debug_aranges
                0x00000e20       0x30 CMakeFiles/gslam.dir/Core/Src/i2c.c.obj
 .debug_aranges
                0x00000e50       0x60 CMakeFiles/gslam.dir/Core/Src/tim.c.obj
 .debug_aranges
                0x00000eb0       0x80 CMakeFiles/gslam.dir/Core/Src/stm32f4xx_it.c.obj
 .debug_aranges
                0x00000f30       0x20 CMakeFiles/gslam.dir/Core/Src/stm32f4xx_hal_msp.c.obj
 .debug_aranges
                0x00000f50       0x30 CMakeFiles/gslam.dir/Core/Src/usart.c.obj
 .debug_aranges
                0x00000f80       0x28 CMakeFiles/gslam.dir/startup_stm32f407xx.s.obj
 .debug_aranges
                0x00000fa8       0x30 CMakeFiles/gslam.dir/BSP/Src/bsp_encoder.c.obj
 .debug_aranges
                0x00000fd8       0x40 CMakeFiles/gslam.dir/BSP/Src/bsp_battery.c.obj
 .debug_aranges
                0x00001018       0x48 CMakeFiles/gslam.dir/BSP/Src/bsp_motor.c.obj
 .debug_aranges
                0x00001060       0x38 CMakeFiles/gslam.dir/BSP/Src/bsp_time.c.obj
 .debug_aranges
                0x00001098       0x48 CMakeFiles/gslam.dir/BSP/Src/bsp_uart.c.obj
 .debug_aranges
                0x000010e0       0x58 CMakeFiles/gslam.dir/App/Src/app_entry.cpp.obj
 .debug_aranges
                0x00001138       0xb8 CMakeFiles/gslam.dir/App/Src/drive_controller.cpp.obj
 .debug_aranges
                0x000011f0       0x38 CMakeFiles/gslam.dir/App/Src/cmd_recv.cpp.obj
 .debug_aranges
                0x00001228       0x48 CMakeFiles/gslam.dir/App/Src/telem_transmit.cpp.obj
 .debug_aranges
                0x00001270       0x38 CMakeFiles/gslam.dir/App/Src/app.cpp.obj
 .debug_aranges
                0x000012a8       0x20 /usr/lib/gcc/arm-none-eabi/13.2.1/../../../arm-none-eabi/lib/thumb/v7e-m+fp/hard/libm.a(libm_a-sf_cos.o)
 .debug_aranges
                0x000012c8       0x20 /usr/lib/gcc/arm-none-eabi/13.2.1/../../../arm-none-eabi/lib/thumb/v7e-m+fp/hard/libm.a(libm_a-kf_cos.o)
 .debug_aranges
                0x000012e8       0x20 /usr/lib/gcc/arm-none-eabi/13.2.1/../../../arm-none-eabi/lib/thumb/v7e-m+fp/hard/libm.a(libm_a-sf_sin.o)
 .debug_aranges
                0x00001308       0x20 /usr/lib/gcc/arm-none-eabi/13.2.1/../../../arm-none-eabi/lib/thumb/v7e-m+fp/hard/libm.a(libm_a-kf_sin.o)
 .debug_aranges
                0x00001328       0x20 /usr/lib/gcc/arm-none-eabi/13.2.1/../../../arm-none-eabi/lib/thumb/v7e-m+fp/hard/libm.a(libm_a-ef_rem_pio2.o)
 .debug_aranges
                0x00001348       0x20 /usr/lib/gcc/arm-none-eabi/13.2.1/../../../arm-none-eabi/lib/thumb/v7e-m+fp/hard/libm.a(libm_a-sf_fabs.o)
 .debug_aranges
                0x00001368       0x20 /usr/lib/gcc/arm-none-eabi/13.2.1/../../../arm-none-eabi/lib/thumb/v7e-m+fp/hard/libm.a(libm_a-kf_rem_pio2.o)
 .debug_aranges
                0x00001388       0x20 /usr/lib/gcc/arm-none-eabi/13.2.1/../../../arm-none-eabi/lib/thumb/v7e-m+fp/hard/libm.a(libm_a-sf_scalbn.o)
 .debug_aranges
                0x000013a8       0x20 /usr/lib/gcc/arm-none-eabi/13.2.1/../../../arm-none-eabi/lib/thumb/v7e-m+fp/hard/libm.a(libm_a-sf_floor.o)
 .debug_aranges
                0x000013c8       0x20 /usr/lib/gcc/arm-none-eabi/13.2.1/thumb/v7e-m+fp/hard/libgcc.a(_aeabi_uldivmod.o)
 .debug_aranges
                0x000013e8       0x20 /usr/lib/gcc/arm-none-eabi/13.2.1/thumb/v7e-m+fp/hard/libgcc.a(_udivmoddi4.o)
 .debug_aranges
                0x00001408       0x20 /usr/lib/gcc/arm-none-eabi/13.2.1/thumb/v7e-m+fp/hard/libgcc.a(_dvmd_tls.o)
 .debug_aranges
                0x00001428       0x20 /usr/lib/gcc/arm-none-eabi/13.2.1/../../../arm-none-eabi/lib/thumb/v7e-m+fp/hard/libg_nano.a(libc_a-init.o)
 .debug_aranges
                0x00001448       0x20 /usr/lib/gcc/arm-none-eabi/13.2.1/../../../arm-none-eabi/lib/thumb/v7e-m+fp/hard/libg_nano.a(libc_a-memset.o)
 .debug_aranges
                0x00001468       0x20 /usr/lib/gcc/arm-none-eabi/13.2.1/../../../arm-none-eabi/lib/thumb/v7e-m+fp/hard/libg_nano.a(libc_a-memcpy.o)

.debug_rnglists
                0x00000000      0xfb6
 .debug_rnglists
                0x00000000       0x1a cmake/stm32cubemx/CMakeFiles/STM32_Drivers.dir/__/__/Core/Src/system_stm32f4xx.c.obj
 .debug_rnglists
                0x0000001a       0x66 cmake/stm32cubemx/CMakeFiles/STM32_Drivers.dir/__/__/Drivers/STM32F4xx_HAL_Driver/Src/stm32f4xx_hal_rcc.c.obj
 .debug_rnglists
                0x00000080       0x3f cmake/stm32cubemx/CMakeFiles/STM32_Drivers.dir/__/__/Drivers/STM32F4xx_HAL_Driver/Src/stm32f4xx_hal_gpio.c.obj
 .debug_rnglists
                0x000000bf       0x70 cmake/stm32cubemx/CMakeFiles/STM32_Drivers.dir/__/__/Drivers/STM32F4xx_HAL_Driver/Src/stm32f4xx_hal_dma.c.obj
 .debug_rnglists
                0x0000012f       0xe0 cmake/stm32cubemx/CMakeFiles/STM32_Drivers.dir/__/__/Drivers/STM32F4xx_HAL_Driver/Src/stm32f4xx_hal_cortex.c.obj
 .debug_rnglists
                0x0000020f       0xaf cmake/stm32cubemx/CMakeFiles/STM32_Drivers.dir/__/__/Drivers/STM32F4xx_HAL_Driver/Src/stm32f4xx_hal.c.obj
 .debug_rnglists
                0x000002be      0x31a cmake/stm32cubemx/CMakeFiles/STM32_Drivers.dir/__/__/Drivers/STM32F4xx_HAL_Driver/Src/stm32f4xx_hal_tim.c.obj
 .debug_rnglists
                0x000005d8      0x125 cmake/stm32cubemx/CMakeFiles/STM32_Drivers.dir/__/__/Drivers/STM32F4xx_HAL_Driver/Src/stm32f4xx_hal_tim_ex.c.obj
 .debug_rnglists
                0x000006fd      0x23c cmake/stm32cubemx/CMakeFiles/STM32_Drivers.dir/__/__/Drivers/STM32F4xx_HAL_Driver/Src/stm32f4xx_hal_i2c.c.obj
 .debug_rnglists
                0x00000939      0x1bc cmake/stm32cubemx/CMakeFiles/STM32_Drivers.dir/__/__/Drivers/STM32F4xx_HAL_Driver/Src/stm32f4xx_hal_uart.c.obj
 .debug_rnglists
                0x00000af5       0x2c CMakeFiles/gslam.dir/Core/Src/main.c.obj
 .debug_rnglists
                0x00000b21       0x13 CMakeFiles/gslam.dir/Core/Src/dma.c.obj
 .debug_rnglists
                0x00000b34       0x14 CMakeFiles/gslam.dir/Core/Src/gpio.c.obj
 .debug_rnglists
                0x00000b48       0x20 CMakeFiles/gslam.dir/Core/Src/i2c.c.obj
 .debug_rnglists
                0x00000b68       0x47 CMakeFiles/gslam.dir/Core/Src/tim.c.obj
 .debug_rnglists
                0x00000baf       0x5b CMakeFiles/gslam.dir/Core/Src/stm32f4xx_it.c.obj
 .debug_rnglists
                0x00000c0a       0x13 CMakeFiles/gslam.dir/Core/Src/stm32f4xx_hal_msp.c.obj
 .debug_rnglists
                0x00000c1d       0x20 CMakeFiles/gslam.dir/Core/Src/usart.c.obj
 .debug_rnglists
                0x00000c3d       0x19 CMakeFiles/gslam.dir/startup_stm32f407xx.s.obj
 .debug_rnglists
                0x00000c56       0x1f CMakeFiles/gslam.dir/BSP/Src/bsp_encoder.c.obj
 .debug_rnglists
                0x00000c75       0x2d CMakeFiles/gslam.dir/BSP/Src/bsp_battery.c.obj
 .debug_rnglists
                0x00000ca2       0x32 CMakeFiles/gslam.dir/BSP/Src/bsp_motor.c.obj
 .debug_rnglists
                0x00000cd4       0x25 CMakeFiles/gslam.dir/BSP/Src/bsp_time.c.obj
 .debug_rnglists